Component: ARM Compiler 5.06 update 6 (build 750) Tool: armlink [4d35ed]

==============================================================================

Section Cross References

    startup_stm32f051x8.o(RESET) refers to startup_stm32f051x8.o(.text) for Reset_Handler
    startup_stm32f051x8.o(RESET) refers to system_stm32f0xx.o(i.NMI_Handler) for NMI_Handler
    startup_stm32f051x8.o(RESET) refers to system_stm32f0xx.o(i.HardFault_Handler) for HardFault_Handler
    startup_stm32f051x8.o(RESET) refers to system_stm32f0xx.o(i.SVC_Handler) for SVC_Handler
    startup_stm32f051x8.o(RESET) refers to system_stm32f0xx.o(i.PendSV_Handler) for PendSV_Handler
    startup_stm32f051x8.o(RESET) refers to system_stm32f0xx.o(i.SysTick_Handler) for SysTick_Handler
    startup_stm32f051x8.o(RESET) refers to digital.o(i.EXTI0_1_IRQHandler) for EXTI0_1_IRQHandler
    startup_stm32f051x8.o(RESET) refers to digital.o(i.EXTI2_3_IRQHandler) for EXTI2_3_IRQHandler
    startup_stm32f051x8.o(RESET) refers to digital.o(i.EXTI4_15_IRQHandler) for EXTI4_15_IRQHandler
    startup_stm32f051x8.o(RESET) refers to timer.o(i.TIM1_BRK_UP_TRG_COM_IRQHandler) for TIM1_BRK_UP_TRG_COM_IRQHandler
    startup_stm32f051x8.o(RESET) refers to timer.o(i.TIM2_IRQHandler) for TIM2_IRQHandler
    startup_stm32f051x8.o(RESET) refers to timer.o(i.TIM3_IRQHandler) for TIM3_IRQHandler
    startup_stm32f051x8.o(RESET) refers to timer.o(i.TIM6_DAC_IRQHandler) for TIM6_DAC_IRQHandler
    startup_stm32f051x8.o(RESET) refers to timer.o(i.TIM14_IRQHandler) for TIM14_IRQHandler
    startup_stm32f051x8.o(RESET) refers to timer.o(i.TIM15_IRQHandler) for TIM15_IRQHandler
    startup_stm32f051x8.o(RESET) refers to timer.o(i.TIM16_IRQHandler) for TIM16_IRQHandler
    startup_stm32f051x8.o(RESET) refers to timer.o(i.TIM17_IRQHandler) for TIM17_IRQHandler
    startup_stm32f051x8.o(RESET) refers to i2c.o(i.I2C1_IRQHandler) for I2C1_IRQHandler
    startup_stm32f051x8.o(RESET) refers to i2c.o(i.I2C2_IRQHandler) for I2C2_IRQHandler
    startup_stm32f051x8.o(RESET) refers to serial.o(i.USART1_IRQHandler) for USART1_IRQHandler
    startup_stm32f051x8.o(RESET) refers to serial.o(i.USART2_IRQHandler) for USART2_IRQHandler
    startup_stm32f051x8.o(.text) refers to system_stm32f0xx.o(i.SystemInit) for SystemInit
    startup_stm32f051x8.o(.text) refers to __main.o(!!!main) for __main
    system_stm32f0xx.o(i.SysTick_Handler) refers to system_stm32f0xx.o(.data) for sysTick
    system_stm32f0xx.o(i.SysTick_Value) refers to system_stm32f0xx.o(.data) for sysTick
    system_stm32f0xx.o(i.SystemCoreClockUpdate) refers to aeabi_sdiv.o(.text) for __aeabi_uidivmod
    system_stm32f0xx.o(i.SystemCoreClockUpdate) refers to system_stm32f0xx.o(.data) for SystemCoreClock
    system_stm32f0xx.o(i.SystemInit) refers to system_stm32f0xx.o(i._Z11SetSysClockv) for SetSysClock()
    system_stm32f0xx.o(i.SystemInit) refers to aeabi_sdiv.o(.text) for __aeabi_uidivmod
    system_stm32f0xx.o(i.SystemInit) refers to system_stm32f0xx.o(i._Z16NVIC_SetPriority4IRQnj) for NVIC_SetPriority(IRQn, unsigned)
    system_stm32f0xx.o(i.SystemInit) refers to system_stm32f0xx.o(.data) for SystemCoreClock
    system_stm32f0xx.o(.ARM.exidx) refers to system_stm32f0xx.o(i._Z11SetSysClockv) for i._Z11SetSysClockv
    system_stm32f0xx.o(.ARM.exidx) refers to system_stm32f0xx.o(i.SystemInit) for i.SystemInit
    system_stm32f0xx.o(.ARM.exidx) refers to system_stm32f0xx.o(i.SystemCoreClockUpdate) for i.SystemCoreClockUpdate
    system_stm32f0xx.o(.ARM.exidx) refers to system_stm32f0xx.o(i.SysTick_Value) for i.SysTick_Value
    system_stm32f0xx.o(.ARM.exidx) refers to system_stm32f0xx.o(i.NMI_Handler) for i.NMI_Handler
    system_stm32f0xx.o(.ARM.exidx) refers to system_stm32f0xx.o(i.HardFault_Handler) for i.HardFault_Handler
    system_stm32f0xx.o(.ARM.exidx) refers to system_stm32f0xx.o(i.SVC_Handler) for i.SVC_Handler
    system_stm32f0xx.o(.ARM.exidx) refers to system_stm32f0xx.o(i.PendSV_Handler) for i.PendSV_Handler
    system_stm32f0xx.o(.ARM.exidx) refers to system_stm32f0xx.o(i.SysTick_Handler) for i.SysTick_Handler
    system_stm32f0xx.o(.ARM.exidx) refers to system_stm32f0xx.o(i._Z16NVIC_SetPriority4IRQnj) for i._Z16NVIC_SetPriority4IRQnj
    sys.o(.ARM.exidx) refers to sys.o(i.__user_setup_stackheap) for i.__user_setup_stackheap
    cmsis_nvic.o(.ARM.exidx) refers to cmsis_nvic.o(i.NVIC_SetVector) for i.NVIC_SetVector
    cmsis_nvic.o(.ARM.exidx) refers to cmsis_nvic.o(i.NVIC_GetVector) for i.NVIC_GetVector
    common.o(.ARM.exidx) refers to common.o(i._Z7bin2bcdh) for i._Z7bin2bcdh
    common.o(.ARM.exidx) refers to common.o(i._Z7bcd2binh) for i._Z7bcd2binh
    circularbuffer.o(.ARM.exidx) refers to circularbuffer.o(i._ZN14CircularBufferC1EPht) for i._ZN14CircularBufferC1EPht
    circularbuffer.o(.ARM.exidx) refers to circularbuffer.o(i._ZN14CircularBuffer5countEv) for i._ZN14CircularBuffer5countEv
[...]
    .text                                    0x08000a08   Section        0  fdiv.o(.text)
    .text                                    0x08000b68   Section        0  ffixui.o(.text)
    .text                                    0x08000b98   Section        0  fflti.o(.text)
    .text                                    0x08000bf6   Section        0  exit.o(.text)
    .text                                    0x08000c08   Section        0  sys_exit.o(.text)
    .text                                    0x08000c14   Section        2  use_no_semi.o(.text)
    .text                                    0x08000c16   Section        0  indicate_semi.o(.text)
    i.EXTI0_1_IRQHandler                     0x08000c18   Section        0  digital.o(i.EXTI0_1_IRQHandler)
    i.EXTI2_3_IRQHandler                     0x08000c5c   Section        0  digital.o(i.EXTI2_3_IRQHandler)
    i.EXTI4_15_IRQHandler                    0x08000ca0   Section        0  digital.o(i.EXTI4_15_IRQHandler)
    i.HardFault_Handler                      0x08000ce4   Section        0  system_stm32f0xx.o(i.HardFault_Handler)
    i.I2C1_IRQHandler                        0x08000ce8   Section        0  i2c.o(i.I2C1_IRQHandler)
    i.I2C2_IRQHandler                        0x08000e1c   Section        0  i2c.o(i.I2C2_IRQHandler)
    i.NMI_Handler                            0x08000f50   Section        0  system_stm32f0xx.o(i.NMI_Handler)
    i.PendSV_Handler                         0x08000f52   Section        0  system_stm32f0xx.o(i.PendSV_Handler)
    i.SVC_Handler                            0x08000f54   Section        0  system_stm32f0xx.o(i.SVC_Handler)
    i.SysTick_Handler                        0x08000f58   Section        0  system_stm32f0xx.o(i.SysTick_Handler)
    i.SystemInit                             0x08000f68   Section        0  system_stm32f0xx.o(i.SystemInit)
    i.TIM14_IRQHandler                       0x08001038   Section        0  timer.o(i.TIM14_IRQHandler)
    i.TIM15_IRQHandler                       0x0800106c   Section        0  timer.o(i.TIM15_IRQHandler)
    i.TIM16_IRQHandler                       0x080010a0   Section        0  timer.o(i.TIM16_IRQHandler)
    i.TIM17_IRQHandler                       0x080010d4   Section        0  timer.o(i.TIM17_IRQHandler)
    i.TIM1_BRK_UP_TRG_COM_IRQHandler         0x08001108   Section        0  timer.o(i.TIM1_BRK_UP_TRG_COM_IRQHandler)
    i.TIM2_IRQHandler                        0x0800113c   Section        0  timer.o(i.TIM2_IRQHandler)
    i.TIM3_IRQHandler                        0x08001170   Section        0  timer.o(i.TIM3_IRQHandler)
    i.TIM6_DAC_IRQHandler                    0x080011a4   Section        0  timer.o(i.TIM6_DAC_IRQHandler)
    i.USART1_IRQHandler                      0x080011d8   Section        0  serial.o(i.USART1_IRQHandler)
    i.USART2_IRQHandler                      0x08001248   Section        0  serial.o(i.USART2_IRQHandler)
    i._Z10clock_initv                        0x080012b8   Section        0  clock.o(i._Z10clock_initv)
    i._Z10clock_mainv                        0x080012e0   Section        0  clock.o(i._Z10clock_mainv)
    i._Z10clock_sub1v                        0x08001468   Section        0  clock.o(i._Z10clock_sub1v)
    i._Z10clock_sub2v                        0x080014bc   Section        0  clock.o(i._Z10clock_sub2v)
    i._Z11SetSysClockv                       0x080014f0   Section        0  system_stm32f0xx.o(i._Z11SetSysClockv)
    SetSysClock()                            0x080014f1   Thumb Code   118  system_stm32f0xx.o(i._Z11SetSysClockv)
    i._Z11clock_statev                       0x08001570   Section        0  clock.o(i._Z11clock_statev)
    i._Z11clock_timerv                       0x0800157c   Section        0  clock.o(i._Z11clock_timerv)
    i._Z13altitude_initv                     0x08001594   Section        0  altitude.o(i._Z13altitude_initv)
    i._Z13altitude_mainv                     0x080015bc   Section        0  altitude.o(i._Z13altitude_mainv)
    i._Z13altitude_sub1v                     0x08001678   Section        0  altitude.o(i._Z13altitude_sub1v)
    i._Z13altitude_sub2v                     0x0800167a   Section        0  altitude.o(i._Z13altitude_sub2v)
    i._Z14altitude_statev                    0x0800167c   Section        0  altitude.o(i._Z14altitude_statev)
    i._Z14altitude_timerv                    0x08001688   Section        0  altitude.o(i._Z14altitude_timerv)
    i._Z15EncoderLeftirqAv                   0x080016a0   Section        0  callbacks.o(i._Z15EncoderLeftirqAv)
    i._Z15EncoderLeftirqBv                   0x080016b0   Section        0  callbacks.o(i._Z15EncoderLeftirqBv)
    i._Z15satellites_initv                   0x080016c0   Section        0  satellites.o(i._Z15satellites_initv)
    i._Z15satellites_mainv                   0x080016e8   Section        0  satellites.o(i._Z15satellites_mainv)
    i._Z15satellites_sub1v                   0x08001768   Section        0  satellites.o(i._Z15satellites_sub1v)
    i._Z15satellites_sub2v                   0x0800176a   Section        0  satellites.o(i._Z15satellites_sub2v)
    i._Z16EncoderRightirqAv                  0x0800176c   Section        0  callbacks.o(i._Z16EncoderRightirqAv)
    i._Z16EncoderRightirqBv                  0x0800177c   Section        0  callbacks.o(i._Z16EncoderRightirqBv)
    i._Z16NVIC_SetPriority4IRQnj             0x0800178c   Section        0  system_stm32f0xx.o(i._Z16NVIC_SetPriority4IRQnj)
    NVIC_SetPriority(IRQn, unsigned)         0x0800178d   Thumb Code   110  system_stm32f0xx.o(i._Z16NVIC_SetPriority4IRQnj)
    i._Z16NVIC_SetPriority4IRQnj             0x08001804   Section        0  digital.o(i._Z16NVIC_SetPriority4IRQnj)
    NVIC_SetPriority(IRQn, unsigned)         0x08001805   Thumb Code   110  digital.o(i._Z16NVIC_SetPriority4IRQnj)
    i._Z16NVIC_SetPriority4IRQnj             0x0800187c   Section        0  timer.o(i._Z16NVIC_SetPriority4IRQnj)
    NVIC_SetPriority(IRQn, unsigned)         0x0800187d   Thumb Code   110  timer.o(i._Z16NVIC_SetPriority4IRQnj)
    i._Z16NVIC_SetPriority4IRQnj             0x080018f4   Section        0  serial.o(i._Z16NVIC_SetPriority4IRQnj)
    NVIC_SetPriority(IRQn, unsigned)         0x080018f5   Thumb Code   110  serial.o(i._Z16NVIC_SetPriority4IRQnj)
    i._Z16NVIC_SetPriority4IRQnj             0x0800196c   Section        0  i2c.o(i._Z16NVIC_SetPriority4IRQnj)
    NVIC_SetPriority(IRQn, unsigned)         0x0800196d   Thumb Code   110  i2c.o(i._Z16NVIC_SetPriority4IRQnj)
    i._Z16satellites_statev                  0x080019e4   Section        0  satellites.o(i._Z16satellites_statev)
    i._Z16satellites_timerv                  0x080019f0   Section        0  satellites.o(i._Z16satellites_timerv)
    i._Z16temperature_initv                  0x08001a08   Section        0  temperature.o(i._Z16temperature_initv)
    i._Z16temperature_mainv                  0x08001a30   Section        0  temperature.o(i._Z16temperature_mainv)
    i._Z16temperature_sub1v                  0x08001ad0   Section        0  temperature.o(i._Z16temperature_sub1v)
    i._Z16temperature_sub2v                  0x08001ad2   Section        0  temperature.o(i._Z16temperature_sub2v)
    i._Z17temperature_statev                 0x08001ad4   Section        0  temperature.o(i._Z17temperature_statev)
    i._Z17temperature_timerv                 0x08001ae0   Section        0  temperature.o(i._Z17temperature_timerv)
    i._Z4initv                               0x08001af8   Section        0  init.o(i._Z4initv)
    i._Z4loopv                               0x08001c18   Section        0  loop.o(i._Z4loopv)
    i._Z7bcd2binh                            0x08001cd0   Section        0  common.o(i._Z7bcd2binh)
    i._Z7bin2bcdh                            0x08001ce6   Section        0  common.o(i._Z7bin2bcdh)
    i._Z7tickMCUv                            0x08001d0c   Section        0  callbacks.o(i._Z7tickMCUv)
    i._Z7tickRTCv                            0x08001d54   Section        0  callbacks.o(i._Z7tickRTCv)
    i._Z8fix_initv                           0x08001da0   Section        0  fix.o(i._Z8fix_initv)
    i._Z8fix_mainv                           0x08001dc8   Section        0  fix.o(i._Z8fix_mainv)
    i._Z8fix_sub1v                           0x08001e3c   Section        0  fix.o(i._Z8fix_sub1v)
    i._Z8fix_sub2v                           0x08001e3e   Section        0  fix.o(i._Z8fix_sub2v)
    i._Z9fix_statev                          0x08001e40   Section        0  fix.o(i._Z9fix_statev)
    i._Z9fix_timerv                          0x08001e4c   Section        0  fix.o(i._Z9fix_timerv)
    i._ZN10Brightness3setEh                  0x08001e64   Section        0  brightness.o(i._ZN10Brightness3setEh)
    i._ZN10Brightness3setEv                  0x08001e88   Section        0  brightness.o(i._ZN10Brightness3setEv)
    i._ZN10Brightness5valueEv                0x08001ea8   Section        0  brightness.o(i._ZN10Brightness5valueEv)
    i._ZN10BrightnessC1E7PinNamejP11TIM_TypeDef12TimerChannel 0x08001eb0   Section        0  brightness.o(i._ZN10BrightnessC1E7PinNamejP11TIM_TypeDef12TimerChannel)
    i._ZN10DigitalOutC1E7PinName             0x08001eda   Section        0  digital.o(i._ZN10DigitalOutC1E7PinName)
    i._ZN10DigitalOutaSEj                    0x08001f08   Section        0  digital.o(i._ZN10DigitalOutaSEj)
    i._ZN11InterruptIn8risefallEPFvvE        0x08001f1c   Section        0  digital.o(i._ZN11InterruptIn8risefallEPFvvE)
    i._ZN11InterruptInC1E7PinName            0x08001f48   Section        0  digital.o(i._ZN11InterruptInC1E7PinName)
    i._ZN13SevenSegGroup3addEP8SevenSeg      0x08002030   Section        0  sevenseg.o(i._ZN13SevenSegGroup3addEP8SevenSeg)
    i._ZN13SevenSegGroup3setEPhj             0x0800205a   Section        0  sevenseg.o(i._ZN13SevenSegGroup3setEPhj)
    i._ZN13SevenSegGroup5blinkEhj            0x08002088   Section        0  sevenseg.o(i._ZN13SevenSegGroup5blinkEhj)
    i._ZN13SevenSegGroup5clearEv             0x080020a8   Section        0  sevenseg.o(i._ZN13SevenSegGroup5clearEv)
    i._ZN13SevenSegGroup5timerEv             0x080020b6   Section        0  sevenseg.o(i._ZN13SevenSegGroup5timerEv)
    i._ZN13SevenSegGroup6updateEv            0x080020e8   Section        0  sevenseg.o(i._ZN13SevenSegGroup6updateEv)
    i._ZN13SevenSegGroupC1Ev                 0x08002250   Section        0  sevenseg.o(i._ZN13SevenSegGroupC1Ev)
    i._ZN14CircularBuffer3getEv              0x08002260   Section        0  circularbuffer.o(i._ZN14CircularBuffer3getEv)
    i._ZN14CircularBuffer3putEh              0x08002280   Section        0  circularbuffer.o(i._ZN14CircularBuffer3putEh)
    i._ZN14CircularBuffer5countEv            0x080022a0   Section        0  circularbuffer.o(i._ZN14CircularBuffer5countEv)
    i._ZN14CircularBuffer5flushEv            0x080022a6   Section        0  circularbuffer.o(i._ZN14CircularBuffer5flushEv)
    i._ZN14CircularBufferC1EPht              0x080022b0   Section        0  circularbuffer.o(i._ZN14CircularBufferC1EPht)
    i._ZN3I2C4busyEv                         0x080022c0   Section        0  i2c.o(i._ZN3I2C4busyEv)
    i._ZN3I2C4readEhPhh                      0x080022dc   Section        0  i2c.o(i._ZN3I2C4readEhPhh)
    i._ZN3I2C5writeEhPhh                     0x08002366   Section        0  i2c.o(i._ZN3I2C5writeEhPhh)
    i._ZN3I2CC1EP11I2C_TypeDef7PinNameS2_    0x080023e0   Section        0  i2c.o(i._ZN3I2CC1EP11I2C_TypeDef7PinNameS2_)
    i._ZN4GNSS10satellitesEv                 0x080025b4   Section        0  gps.o(i._ZN4GNSS10satellitesEv)
    i._ZN4GNSS3fixEv                         0x080025ba   Section        0  gps.o(i._ZN4GNSS3fixEv)
    i._ZN4GNSS4timeEP4Time                   0x080025c0   Section        0  gps.o(i._ZN4GNSS4timeEP4Time)
    i._ZN4GNSS5parseEPjPht                   0x080025d0   Section        0  gps.o(i._ZN4GNSS5parseEPjPht)
    i._ZN4GNSS6updateEv                      0x08002914   Section        0  gps.o(i._ZN4GNSS6updateEv)
    i._ZN4GNSS8altitudeEv                    0x080029da   Section        0  gps.o(i._ZN4GNSS8altitudeEv)
    i._ZN4GNSSC1EP6Serial                    0x080029e0   Section        0  gps.o(i._ZN4GNSSC1EP6Serial)
    i._ZN4GPIO2afE5PinAF                     0x080029e4   Section        0  gpio.o(i._ZN4GPIO2afE5PinAF)
    i._ZN4GPIO4modeE7PinMode                 0x08002a20   Section        0  gpio.o(i._ZN4GPIO4modeE7PinMode)
    i._ZN4GPIO4portEv                        0x08002a48   Section        0  gpio.o(i._ZN4GPIO4portEv)
    i._ZN4GPIO4pullE7PinPull                 0x08002a4e   Section        0  gpio.o(i._ZN4GPIO4pullE7PinPull)
    i._ZN4GPIO4readEv                        0x08002a76   Section        0  gpio.o(i._ZN4GPIO4readEv)
    i._ZN4GPIO4typeE7PinType                 0x08002a8c   Section        0  gpio.o(i._ZN4GPIO4typeE7PinType)
    i._ZN4GPIO5clockEj                       0x08002ab4   Section        0  gpio.o(i._ZN4GPIO5clockEj)
    i._ZN4GPIO5writeEj                       0x08002b1c   Section        0  gpio.o(i._ZN4GPIO5writeEj)
    i._ZN4GPIOC1E7PinName7PinMode            0x08002b30   Section        0  gpio.o(i._ZN4GPIOC1E7PinName7PinMode)
    i._ZN4Menu4nextEv                        0x08002b60   Section        0  menu_1.o(i._ZN4Menu4nextEv)
    i._ZN4Menu6insertEP4Item                 0x08002b92   Section        0  menu_1.o(i._ZN4Menu6insertEP4Item)
    i._ZN4Menu7currentEPP4Item               0x08002bb2   Section        0  menu_1.o(i._ZN4Menu7currentEPP4Item)
    i._ZN4Menu8previousEv                    0x08002bb8   Section        0  menu_1.o(i._ZN4Menu8previousEv)
    i._ZN4MenuC1Ev                           0x08002bea   Section        0  menu_1.o(i._ZN4MenuC1Ev)
    i._ZN5Timer5startEv                      0x08002bf4   Section        0  timer.o(i._ZN5Timer5startEv)
    i._ZN5Timer6attachEPFvvE                 0x08002c04   Section        0  timer.o(i._ZN5Timer6attachEPFvvE)
    i._ZN5TimerC1EP11TIM_TypeDef             0x08002cc4   Section        0  timer.o(i._ZN5TimerC1EP11TIM_TypeDef)
    i._ZN6Button3getEv                       0x08002df4   Section        0  button.o(i._ZN6Button3getEv)
    i._ZN6Button5timerEv                     0x08002dfa   Section        0  button.o(i._ZN6Button5timerEv)
    i._ZN6Button6updateEv                    0x08002e0c   Section        0  button.o(i._ZN6Button6updateEv)
    i._ZN6ButtonC1E7PinName                  0x08002e7a   Section        0  button.o(i._ZN6ButtonC1E7PinName)
    i._ZN6DS323111temperatureEv              0x08002e9a   Section        0  ds3231.o(i._ZN6DS323111temperatureEv)
    i._ZN6DS32313getEP4Time                  0x08002ea2   Section        0  ds3231.o(i._ZN6DS32313getEP4Time)
    i._ZN6DS32313irqEv                       0x08002eb0   Section        0  ds3231.o(i._ZN6DS32313irqEv)
    i._ZN6DS32313setEP4Time                  0x08002ef6   Section        0  ds3231.o(i._ZN6DS32313setEP4Time)
    i._ZN6DS32315timerEv                     0x08002f28   Section        0  ds3231.o(i._ZN6DS32315timerEv)
    i._ZN6DS32316updateEv                    0x08002f36   Section        0  ds3231.o(i._ZN6DS32316updateEv)
    i._ZN6DS3231C1EP3I2CP11InterruptIn       0x080030b0   Section        0  ds3231.o(i._ZN6DS3231C1EP3I2CP11InterruptIn)
    i._ZN6PwmOut5writeEh                     0x080030e8   Section        0  timer.o(i._ZN6PwmOut5writeEh)
    i._ZN6PwmOutC1E7PinNamejP11TIM_TypeDef12TimerChannel 0x08003120   Section        0  timer.o(i._ZN6PwmOutC1E7PinNamejP11TIM_TypeDef12TimerChannel)
    i._ZN6Serial3pinEP4GPIO                  0x080032b4   Section        0  serial.o(i._ZN6Serial3pinEP4GPIO)
    i._ZN6Serial4readEPh                     0x080032fc   Section        0  serial.o(i._ZN6Serial4readEPh)
    i._ZN6SerialC1EP13USART_TypeDef7PinNameS2_S2_ 0x08003348   Section        0  serial.o(i._ZN6SerialC1EP13USART_TypeDef7PinNameS2_S2_)
    i._ZN6Ticker9attach_usEPFvvEj            0x080035b8   Section        0  timer.o(i._ZN6Ticker9attach_usEPFvvEj)
    i._ZN6TickerC1EP11TIM_TypeDef            0x080035fc   Section        0  timer.o(i._ZN6TickerC1EP11TIM_TypeDef)
    i._ZN7Encoder3getEv                      0x08003610   Section        0  encoder.o(i._ZN7Encoder3getEv)
    i._ZN7Encoder3irqEv                      0x08003628   Section        0  encoder.o(i._ZN7Encoder3irqEv)
    i._ZN7Encoder5roundEii                   0x08003674   Section        0  encoder.o(i._ZN7Encoder5roundEii)
    i._ZN7Encoder6attachEPhh                 0x0800369a   Section        0  encoder.o(i._ZN7Encoder6attachEPhh)
    i._ZN7Encoder6updateEv                   0x080036a0   Section        0  encoder.o(i._ZN7Encoder6updateEv)
    i._ZN7Encoder8circularEh                 0x08003734   Section        0  encoder.o(i._ZN7Encoder8circularEh)
    i._ZN7EncoderC1EP11InterruptInS1_        0x08003744   Section        0  encoder.o(i._ZN7EncoderC1EP11InterruptInS1_)
    i._ZN8SevenSeg2onEv                      0x08003784   Section        0  sevenseg.o(i._ZN8SevenSeg2onEv)
    i._ZN8SevenSeg3offEv                     0x08003792   Section        0  sevenseg.o(i._ZN8SevenSeg3offEv)
    i._ZN8SevenSeg3setEh                     0x080037a0   Section        0  sevenseg.o(i._ZN8SevenSeg3setEh)
    i._ZN8SevenSeg8segmentsEh                0x080037bc   Section        0  sevenseg.o(i._ZN8SevenSeg8segmentsEh)
    i._ZN8SevenSegC1EP10DigitalOutS1_        0x080037f0   Section        0  sevenseg.o(i._ZN8SevenSegC1EP10DigitalOutS1_)
    i._ZN8Timezone6offsetEff                 0x0800381c   Section        0  timezone.o(i._ZN8Timezone6offsetEff)
    i._ZN8TimezoneC1Ev                       0x080038c0   Section        0  timezone.o(i._ZN8TimezoneC1Ev)
    i.__ARM_common_switch8                   0x080038c2   Section        0  ds3231.o(i.__ARM_common_switch8)
    i.__sti___10_Config_cpp_ticker           0x080038e0   Section        0  config.o(i.__sti___10_Config_cpp_ticker)
    __sti___10_Config_cpp_ticker             0x080038e1   Thumb Code   370  config.o(i.__sti___10_Config_cpp_ticker)
    i.__user_setup_stackheap                 0x08003ad4   Section        0  sys.o(i.__user_setup_stackheap)
    i.main                                   0x08003af4   Section        0  main.o(i.main)
    x$fpl$fadd                               0x08003b00   Section      140  faddsub.o(x$fpl$fadd)
    _fadd1                                   0x08003b0d   Thumb Code     0  faddsub.o(x$fpl$fadd)
    x$fpl$fmul                               0x08003b8c   Section      176  fmul.o(x$fpl$fmul)
    x$fpl$fsub                               0x08003c3c   Section      208  faddsub.o(x$fpl$fsub)
    _fsub1                                   0x08003c49   Thumb Code     0  faddsub.o(x$fpl$fsub)
    .constdata                               0x08003d0c   Section        4  altitude.o(.constdata)
    x$fpl$usenofp                            0x08003d0c   Section        0  usenofp.o(x$fpl$usenofp)
    name                                     0x08003d0c   Data           4  altitude.o(.constdata)
    .constdata                               0x08003d10   Section        4  clock.o(.constdata)
    name                                     0x08003d10   Data           4  clock.o(.constdata)
    .constdata                               0x08003d14   Section        4  fix.o(.constdata)
    name                                     0x08003d14   Data           4  fix.o(.constdata)
    .constdata                               0x08003d18   Section        4  satellites.o(.constdata)
    name                                     0x08003d18   Data           4  satellites.o(.constdata)
    .constdata                               0x08003d1c   Section        4  temperature.o(.constdata)
    temp                                     0x08003d1c   Data           4  temperature.o(.constdata)
    .constdata                               0x08003d20   Section      101  brightness.o(.constdata)
    cie                                      0x08003d20   Data         101  brightness.o(.constdata)
    .constdata                               0x08003d85   Section       16  encoder.o(.constdata)
    encSequence                              0x08003d85   Data          16  encoder.o(.constdata)
    .constdata                               0x08003d95   Section      128  sevenseg.o(.constdata)
    digitAsciiMap                            0x08003d95   Data         128  sevenseg.o(.constdata)
    .constdata                               0x08003e15   Section    43092  timezone.o(.constdata)
    grid                                     0x08003e15   Data       43092  timezone.o(.constdata)
    .constdata                               0x0800e669   Section       64  fdiv.o(.constdata)
    fdiv_tab                                 0x0800e669   Data          64  fdiv.o(.constdata)
    .init_array                              0x0800e6cc   Section        4  config.o(.init_array)
    .init_array                              0x0800e6d0   Section        0  init_aeabi.o(.init_array)
    .data                                    0x200000c0   Section       24  system_stm32f0xx.o(.data)
    .data                                    0x200000d8   Section       16  serial.o(.data)
    bufferRx                                 0x200000d8   Data           8  serial.o(.data)
    bufferTx                                 0x200000e0   Data           8  serial.o(.data)
    .data                                    0x200000e8   Section       16  i2c.o(.data)
    bufferRx                                 0x200000e8   Data           8  i2c.o(.data)
    bufferTx                                 0x200000f0   Data           8  i2c.o(.data)
    .data                                    0x200000f8   Section      176  config.o(.data)
    .data                                    0x200001a8   Section        4  altitude.o(.data)
    state                                    0x200001a8   Data           1  altitude.o(.data)
    timer                                    0x200001aa   Data           2  altitude.o(.data)
    .data                                    0x200001ac   Section        7  clock.o(.data)
    state                                    0x200001ac   Data           1  clock.o(.data)
    substate                                 0x200001ad   Data           1  clock.o(.data)
    timer                                    0x200001ae   Data           2  clock.o(.data)
    t                                        0x200001b0   Data           3  clock.o(.data)
    .data                                    0x200001b4   Section        4  fix.o(.data)
    state                                    0x200001b4   Data           1  fix.o(.data)
    timer                                    0x200001b6   Data           2  fix.o(.data)
    .data                                    0x200001b8   Section        4  satellites.o(.data)
    state                                    0x200001b8   Data           1  satellites.o(.data)
    timer                                    0x200001ba   Data           2  satellites.o(.data)
    .data                                    0x200001bc   Section        4  temperature.o(.data)
    state                                    0x200001bc   Data           1  temperature.o(.data)
    timer                                    0x200001be   Data           2  temperature.o(.data)
    .bss                                     0x200001c0   Section       64  digital.o(.bss)
    .bss                                     0x20000200   Section       32  timer.o(.bss)
    .bss                                     0x20000220   Section     1900  config.o(.bss)

    Global Symbols

    Symbol Name                              Value     Ov Type        Size  Object(Section)

    BuildAttributes$$THM_ISAv3M$S$PE$A:L22$X:L11$S22$IEEE1$IW$USESV6$~STKCKD$USESV7$~SHL$OSPACE$ROPI$EBA8$UX$STANDARDLIB$REQ8$PRES8$EABIv2 0x00000000   Number         0  anon$$obj.o ABSOLUTE
    __ARM_use_no_argv                        0x00000000   Number         0  main.o ABSOLUTE
    __ARM_exceptions_init                     - Undefined Weak Reference
    __alloca_initialize                       - Undefined Weak Reference
    __arm_preinit_                            - Undefined Weak Reference
    __cxa_finalize                            - Undefined Weak Reference
    __rt_locale                               - Undefined Weak Reference
    __sigvec_lookup                           - Undefined Weak Reference
    _atexit_init                              - Undefined Weak Reference
    _call_atexit_fns                          - Undefined Weak Reference
    _clock_init                               - Undefined Weak Reference
    _fp_trap_init                             - Undefined Weak Reference
    _fp_trap_shutdown                         - Undefined Weak Reference
    _get_lc_collate                           - Undefined Weak Reference
    _get_lc_ctype                             - Undefined Weak Reference
    _get_lc_monetary                          - Undefined Weak Reference
    _get_lc_numeric                           - Undefined Weak Reference
    _get_lc_time                              - Undefined Weak Reference
    _getenv_init                              - Undefined Weak Reference
    _handle_redirection                       - Undefined Weak Reference
    _init_alloc                               - Undefined Weak Reference
    _init_user_alloc                          - Undefined Weak Reference
    _initio                                   - Undefined Weak Reference
    _rand_init                                - Undefined Weak Reference
    _signal_finish                            - Undefined Weak Reference
    _signal_init                              - Undefined Weak Reference
    _terminate_alloc                          - Undefined Weak Reference
    _terminate_user_alloc                     - Undefined Weak Reference
    _terminateio                              - Undefined Weak Reference
    __Vectors_Size                           0x000000bc   Number         0  startup_stm32f051x8.o ABSOLUTE
    __Vectors                                0x08000000   Data           4  startup_stm32f051x8.o(RESET)
    __Vectors_End                            0x080000bc   Data           0  startup_stm32f051x8.o(RESET)
    __main                                   0x080000bd   Thumb Code     8  __main.o(!!!main)
    __scatterload                            0x080000c5   Thumb Code     0  __scatter.o(!!!scatter)
    __scatterload_rt2                        0x080000c5   Thumb Code    52  __scatter.o(!!!scatter)
    __scatterload_rt2_thumb_only             0x080000c5   Thumb Code     0  __scatter.o(!!!scatter)
    __scatterload_null                       0x080000d5   Thumb Code     0  __scatter.o(!!!scatter)
    __scatterload_copy                       0x08000101   Thumb Code    26  __scatter_copy.o(!!handler_copy)
    __scatterload_zeroinit                   0x0800011d   Thumb Code    28  __scatter_zi.o(!!handler_zi)
    __rt_lib_init                            0x08000139   Thumb Code     0  libinit.o(.ARM.Collect$$libinit$$00000000)
    __rt_lib_init_alloca_1                   0x0800013b   Thumb Code     0  libinit2.o(.ARM.Collect$$libinit$$0000002E)
    __rt_lib_init_argv_1                     0x0800013b   Thumb Code     0  libinit2.o(.ARM.Collect$$libinit$$0000002C)
    __rt_lib_init_atexit_1                   0x0800013b   Thumb Code     0  libinit2.o(.ARM.Collect$$libinit$$0000001B)
    __rt_lib_init_clock_1                    0x0800013b   Thumb Code     0  libinit2.o(.ARM.Collect$$libinit$$00000021)
    __rt_lib_init_cpp_2                      0x0800013b   Thumb Code     0  libinit2.o(.ARM.Collect$$libinit$$00000031)
    __rt_lib_init_exceptions_1               0x0800013b   Thumb Code     0  libinit2.o(.ARM.Collect$$libinit$$00000030)
    __rt_lib_init_fp_1                       0x0800013b   Thumb Code     0  libinit2.o(.ARM.Collect$$libinit$$00000002)
    __rt_lib_init_fp_trap_1                  0x0800013b   Thumb Code     0  libinit2.o(.ARM.Collect$$libinit$$0000001F)
    __rt_lib_init_getenv_1                   0x0800013b   Thumb Code     0  libinit2.o(.ARM.Collect$$libinit$$00000023)
    __rt_lib_init_heap_1                     0x0800013b   Thumb Code     0  libinit2.o(.ARM.Collect$$libinit$$0000000A)
    __rt_lib_init_lc_collate_1               0x0800013b   Thumb Code     0  libinit2.o(.ARM.Collect$$libinit$$00000011)
    __rt_lib_init_lc_ctype_1                 0x0800013b   Thumb Code     0  libinit2.o(.ARM.Collect$$libinit$$00000013)
    __rt_lib_init_lc_monetary_1              0x0800013b   Thumb Code     0  libinit2.o(.ARM.Collect$$libinit$$00000015)
    __rt_lib_init_lc_numeric_1               0x0800013b   Thumb Code     0  libinit2.o(.ARM.Collect$$libinit$$00000017)
    __rt_lib_init_lc_time_1                  0x0800013b   Thumb Code     0  libinit2.o(.ARM.Collect$$libinit$$00000019)
    __rt_lib_init_preinit_1                  0x0800013b   Thumb Code     0  libinit2.o(.ARM.Collect$$libinit$$00000004)
    __rt_lib_init_rand_1                     0x0800013b   Thumb Code     0  libinit2.o(.ARM.Collect$$libinit$$0000000E)
    __rt_lib_init_signal_1                   0x0800013b   Thumb Code     0  libinit2.o(.ARM.Collect$$libinit$$0000001D)
    __rt_lib_init_stdio_1                    0x0800013b   Thumb Code     0  libinit2.o(.ARM.Collect$$libinit$$00000025)
    __rt_lib_init_user_alloc_1               0x0800013b   Thumb Code     0  libinit2.o(.ARM.Collect$$libinit$$0000000C)
    __rt_lib_init_cpp_1                      0x0800013f   Thumb Code     0  libinit2.o(.ARM.Collect$$libinit$$00000032)
    __rt_lib_init_return                     0x0800013f   Thumb Code     0  libinit2.o(.ARM.Collect$$libinit$$00000033)
    __rt_lib_shutdown                        0x08000141   Thumb Code     0  libshutdown.o(.ARM.Collect$$libshutdown$$00000000)
    __rt_lib_shutdown_cpp_1                  0x08000143   Thumb Code     0  libshutdown2.o(.ARM.Collect$$libshutdown$$00000002)
    __rt_lib_shutdown_fp_trap_1              0x08000143   Thumb Code     0  libshutdown2.o(.ARM.Collect$$libshutdown$$00000007)
    __rt_lib_shutdown_heap_1                 0x08000143   Thumb Code     0  libshutdown2.o(.ARM.Collect$$libshutdown$$0000000F)
    __rt_lib_shutdown_return                 0x08000143   Thumb Code     0  libshutdown2.o(.ARM.Collect$$libshutdown$$00000010)
    __rt_lib_shutdown_signal_1               0x08000143   Thumb Code     0  libshutdown2.o(.ARM.Collect$$libshutdown$$0000000A)
    __rt_lib_shutdown_stdio_1                0x08000143   Thumb Code     0  libshutdown2.o(.ARM.Collect$$libshutdown$$00000004)
    __rt_lib_shutdown_user_alloc_1           0x08000143   Thumb Code     0  libshutdown2.o(.ARM.Collect$$libshutdown$$0000000C)
    __rt_entry                               0x08000145   Thumb Code     0  __rtentry.o(.ARM.Collect$$rtentry$$00000000)
    __rt_entry_presh_1                       0x08000145   Thumb Code     0  __rtentry2.o(.ARM.Collect$$rtentry$$00000002)
    __rt_entry_sh                            0x08000145   Thumb Code     0  __rtentry4.o(.ARM.Collect$$rtentry$$00000004)
    __rt_entry_li                            0x0800014b   Thumb Code     0  __rtentry2.o(.ARM.Collect$$rtentry$$0000000A)
    __rt_entry_postsh_1                      0x0800014b   Thumb Code     0  __rtentry2.o(.ARM.Collect$$rtentry$$00000009)
    __rt_entry_main                          0x0800014f   Thumb Code     0  __rtentry2.o(.ARM.Collect$$rtentry$$0000000D)
    __rt_entry_postli_1                      0x0800014f   Thumb Code     0  __rtentry2.o(.ARM.Collect$$rtentry$$0000000C)
    __rt_exit                                0x08000157   Thumb Code     0  rtexit.o(.ARM.Collect$$rtexit$$00000000)
    __rt_exit_ls                             0x08000159   Thumb Code     0  rtexit2.o(.ARM.Collect$$rtexit$$00000003)
    __rt_exit_prels_1                        0x08000159   Thumb Code     0  rtexit2.o(.ARM.Collect$$rtexit$$00000002)
    __rt_exit_exit                           0x0800015d   Thumb Code     0  rtexit2.o(.ARM.Collect$$rtexit$$00000004)
    Reset_Handler                            0x08000165   Thumb Code     8  startup_stm32f051x8.o(.text)
    ADC1_COMP_IRQHandler                     0x08000177   Thumb Code     0  startup_stm32f051x8.o(.text)
    CEC_IRQHandler                           0x08000177   Thumb Code     0  startup_stm32f051x8.o(.text)
    DMA1_Channel1_IRQHandler                 0x08000177   Thumb Code     0  startup_stm32f051x8.o(.text)
    DMA1_Channel2_3_IRQHandler               0x08000177   Thumb Code     0  startup_stm32f051x8.o(.text)
    DMA1_Channel4_5_IRQHandler               0x08000177   Thumb Code     0  startup_stm32f051x8.o(.text)
    FLASH_IRQHandler                         0x08000177   Thumb Code     0  startup_stm32f051x8.o(.text)
    PVD_IRQHandler                           0x08000177   Thumb Code     0  startup_stm32f051x8.o(.text)
    RCC_IRQHandler                           0x08000177   Thumb Code     0  startup_stm32f051x8.o(.text)
    RTC_IRQHandler                           0x08000177   Thumb Code     0  startup_stm32f051x8.o(.text)
    SPI1_IRQHandler                          0x08000177   Thumb Code     0  startup_stm32f051x8.o(.text)
    SPI2_IRQHandler                          0x08000177   Thumb Code     0  startup_stm32f051x8.o(.text)
    TIM1_CC_IRQHandler                       0x08000177   Thumb Code     0  startup_stm32f051x8.o(.text)
    TSC_IRQHandler                           0x08000177   Thumb Code     0  startup_stm32f051x8.o(.text)
    WWDG_IRQHandler                          0x08000177   Thumb Code     0  startup_stm32f051x8.o(.text)
    _memset_w                                0x08000181   Thumb Code    26  rt_memclr.o(.text)
    _memset                                  0x0800019b   Thumb Code    30  rt_memclr.o(.text)
    __aeabi_memclr                           0x080001b9   Thumb Code     4  rt_memclr.o(.text)
    __rt_memclr                              0x080001b9   Thumb Code     0  rt_memclr.o(.text)
    __aeabi_memclr4                          0x080001bd   Thumb Code     0  rt_memclr.o(.text)
    __aeabi_memclr8                          0x080001bd   Thumb Code     0  rt_memclr.o(.text)
    __rt_memclr_w                            0x080001bd   Thumb Code     4  rt_memclr.o(.text)
    __aeabi_uidiv                            0x080001c1   Thumb Code     0  aeabi_sdiv.o(.text)
    __aeabi_uidivmod                         0x080001c1   Thumb Code    20  aeabi_sdiv.o(.text)
    __aeabi_idiv                             0x080001d5   Thumb Code     0  aeabi_sdiv.o(.text)
    __aeabi_idivmod                          0x080001d5   Thumb Code   326  aeabi_sdiv.o(.text)
    __cpp_initialize__aeabi_                 0x0800031d   Thumb Code    26  init_aeabi.o(.text)
    __aeabi_d2f                              0x08000341   Thumb Code     0  d2f.o(.text)
    _d2f                                     0x08000341   Thumb Code   120  d2f.o(.text)
    __aeabi_dadd                             0x080006b5   Thumb Code     0  daddsub.o(.text)
    _dadd                                    0x080006b5   Thumb Code    26  daddsub.o(.text)
    __aeabi_dsub                             0x080006cf   Thumb Code     0  daddsub.o(.text)
    _dsub                                    0x080006cf   Thumb Code    22  daddsub.o(.text)
    __aeabi_drsub                            0x080006e5   Thumb Code     0  daddsub.o(.text)
    _drsb                                    0x080006e5   Thumb Code    28  daddsub.o(.text)
    __aeabi_i2d_normalise                    0x08000715   Thumb Code    66  dflti.o(.text)
    __aeabi_i2d                              0x08000757   Thumb Code    16  dflti.o(.text)
    _dflt                                    0x08000757   Thumb Code     0  dflti.o(.text)
    __aeabi_ui2d                             0x08000767   Thumb Code     6  dflti.o(.text)
    _dfltu                                   0x08000767   Thumb Code     0  dflti.o(.text)
    __aeabi_dmul                             0x0800076d   Thumb Code     0  dmul.o(.text)
    _dmul                                    0x0800076d   Thumb Code   558  dmul.o(.text)
    __aeabi_f2d                              0x080009b5   Thumb Code     0  f2d.o(.text)
    _f2d                                     0x080009b5   Thumb Code    80  f2d.o(.text)
    __aeabi_fdiv                             0x08000a09   Thumb Code     0  fdiv.o(.text)
    _fdiv                                    0x08000a09   Thumb Code   334  fdiv.o(.text)
    _frdiv                                   0x08000b57   Thumb Code     8  fdiv.o(.text)
    __aeabi_f2uiz                            0x08000b69   Thumb Code     0  ffixui.o(.text)
    _ffixu                                   0x08000b69   Thumb Code    48  ffixui.o(.text)
    __aeabi_i2f_normalise                    0x08000b99   Thumb Code    72  fflti.o(.text)
    __aeabi_i2f                              0x08000be1   Thumb Code    16  fflti.o(.text)
    _fflt                                    0x08000be1   Thumb Code     0  fflti.o(.text)
    __aeabi_ui2f                             0x08000bf1   Thumb Code     6  fflti.o(.text)
    _ffltu                                   0x08000bf1   Thumb Code     0  fflti.o(.text)
    exit                                     0x08000bf7   Thumb Code    16  exit.o(.text)
    _sys_exit                                0x08000c09   Thumb Code     8  sys_exit.o(.text)
    __I$use$semihosting                      0x08000c15   Thumb Code     0  use_no_semi.o(.text)
    __use_no_semihosting_swi                 0x08000c15   Thumb Code     2  use_no_semi.o(.text)
    __semihosting_library_function           0x08000c17   Thumb Code     0  indicate_semi.o(.text)
    EXTI0_1_IRQHandler                       0x08000c19   Thumb Code    58  digital.o(i.EXTI0_1_IRQHandler)
    EXTI2_3_IRQHandler                       0x08000c5d   Thumb Code    58  digital.o(i.EXTI2_3_IRQHandler)
    EXTI4_15_IRQHandler                      0x08000ca1   Thumb Code    58  digital.o(i.EXTI4_15_IRQHandler)
    HardFault_Handler                        0x08000ce5   Thumb Code     4  system_stm32f0xx.o(i.HardFault_Handler)
    I2C1_IRQHandler                          0x08000ce9   Thumb Code   294  i2c.o(i.I2C1_IRQHandler)
    I2C2_IRQHandler                          0x08000e1d   Thumb Code   294  i2c.o(i.I2C2_IRQHandler)
    NMI_Handler                              0x08000f51   Thumb Code     2  system_stm32f0xx.o(i.NMI_Handler)
    PendSV_Handler                           0x08000f53   Thumb Code     2  system_stm32f0xx.o(i.PendSV_Handler)
    SVC_Handler                              0x08000f55   Thumb Code     2  system_stm32f0xx.o(i.SVC_Handler)
    SysTick_Handler                          0x08000f59   Thumb Code    12  system_stm32f0xx.o(i.SysTick_Handler)
    SystemInit                               0x08000f69   Thumb Code   178  system_stm32f0xx.o(i.SystemInit)
    TIM14_IRQHandler                         0x08001039   Thumb Code    42  timer.o(i.TIM14_IRQHandler)
    TIM15_IRQHandler                         0x0800106d   Thumb Code    42  timer.o(i.TIM15_IRQHandler)
    TIM16_IRQHandler                         0x080010a1   Thumb Code    42  timer.o(i.TIM16_IRQHandler)
    TIM17_IRQHandler                         0x080010d5   Thumb Code    42  timer.o(i.TIM17_IRQHandler)
    TIM1_BRK_UP_TRG_COM_IRQHandler           0x08001109   Thumb Code    42  timer.o(i.TIM1_BRK_UP_TRG_COM_IRQHandler)
    TIM2_IRQHandler                          0x0800113d   Thumb Code    48  timer.o(i.TIM2_IRQHandler)
    TIM3_IRQHandler                          0x08001171   Thumb Code    42  timer.o(i.TIM3_IRQHandler)
    TIM6_DAC_IRQHandler                      0x080011a5   Thumb Code    42  timer.o(i.TIM6_DAC_IRQHandler)
    USART1_IRQHandler                        0x080011d9   Thumb Code   100  serial.o(i.USART1_IRQHandler)
    USART2_IRQHandler                        0x08001249   Thumb Code   100  serial.o(i.USART2_IRQHandler)
    clock_init()                             0x080012b9   Thumb Code    26  clock.o(i._Z10clock_initv)
    clock_main()                             0x080012e1   Thumb Code   344  clock.o(i._Z10clock_mainv)
    clock_sub1()                             0x08001469   Thumb Code    58  clock.o(i._Z10clock_sub1v)
    clock_sub2()                             0x080014bd   Thumb Code    34  clock.o(i._Z10clock_sub2v)
    clock_state()                            0x08001571   Thumb Code     6  clock.o(i._Z11clock_statev)
    clock_timer()                            0x0800157d   Thumb Code    20  clock.o(i._Z11clock_timerv)
    altitude_init()                          0x08001595   Thumb Code    26  altitude.o(i._Z13altitude_initv)
    altitude_main()                          0x080015bd   Thumb Code   168  altitude.o(i._Z13altitude_mainv)
    altitude_sub1()                          0x08001679   Thumb Code     2  altitude.o(i._Z13altitude_sub1v)
    altitude_sub2()                          0x0800167b   Thumb Code     2  altitude.o(i._Z13altitude_sub2v)
    altitude_state()                         0x0800167d   Thumb Code     6  altitude.o(i._Z14altitude_statev)
    altitude_timer()                         0x08001689   Thumb Code    20  altitude.o(i._Z14altitude_timerv)
    EncoderLeftirqA()                        0x080016a1   Thumb Code    10  callbacks.o(i._Z15EncoderLeftirqAv)
    EncoderLeftirqB()                        0x080016b1   Thumb Code    10  callbacks.o(i._Z15EncoderLeftirqBv)
    satellites_init()                        0x080016c1   Thumb Code    26  satellites.o(i._Z15satellites_initv)
    satellites_main()                        0x080016e9   Thumb Code   108  satellites.o(i._Z15satellites_mainv)
    satellites_sub1()                        0x08001769   Thumb Code     2  satellites.o(i._Z15satellites_sub1v)
    satellites_sub2()                        0x0800176b   Thumb Code     2  satellites.o(i._Z15satellites_sub2v)
    EncoderRightirqA()                       0x0800176d   Thumb Code    10  callbacks.o(i._Z16EncoderRightirqAv)
    EncoderRightirqB()                       0x0800177d   Thumb Code    10  callbacks.o(i._Z16EncoderRightirqBv)
    satellites_state()                       0x080019e5   Thumb Code     6  satellites.o(i._Z16satellites_statev)
    satellites_timer()                       0x080019f1   Thumb Code    20  satellites.o(i._Z16satellites_timerv)
    temperature_init()                       0x08001a09   Thumb Code    26  temperature.o(i._Z16temperature_initv)
    temperature_main()                       0x08001a31   Thumb Code   140  temperature.o(i._Z16temperature_mainv)
    temperature_sub1()                       0x08001ad1   Thumb Code     2  temperature.o(i._Z16temperature_sub1v)
    temperature_sub2()                       0x08001ad3   Thumb Code     2  temperature.o(i._Z16temperature_sub2v)
    temperature_state()                      0x08001ad5   Thumb Code     6  temperature.o(i._Z17temperature_statev)
    temperature_timer()                      0x08001ae1   Thumb Code    20  temperature.o(i._Z17temperature_timerv)
    init()                                   0x08001af9   Thumb Code   178  init.o(i._Z4initv)
    loop()                                   0x08001c19   Thumb Code   146  loop.o(i._Z4loopv)
    bcd2bin(unsigned char)                   0x08001cd1   Thumb Code    22  common.o(i._Z7bcd2binh)
    bin2bcd(unsigned char)                   0x08001ce7   Thumb Code    38  common.o(i._Z7bin2bcdh)
    tickMCU()                                0x08001d0d   Thumb Code    50  callbacks.o(i._Z7tickMCUv)
    tickRTC()                                0x08001d55   Thumb Code    60  callbacks.o(i._Z7tickRTCv)
    fix_init()                               0x08001da1   Thumb Code    26  fix.o(i._Z8fix_initv)
    fix_main()                               0x08001dc9   Thumb Code    94  fix.o(i._Z8fix_mainv)
    fix_sub1()                               0x08001e3d   Thumb Code     2  fix.o(i._Z8fix_sub1v)
    fix_sub2()                               0x08001e3f   Thumb Code     2  fix.o(i._Z8fix_sub2v)
    fix_state()                              0x08001e41   Thumb Code     6  fix.o(i._Z9fix_statev)
    fix_timer()                              0x08001e4d   Thumb Code    20  fix.o(i._Z9fix_timerv)
    Brightness::set(unsigned char)           0x08001e65   Thumb Code    32  brightness.o(i._ZN10Brightness3setEh)
    Brightness::set()                        0x08001e89   Thumb Code    28  brightness.o(i._ZN10Brightness3setEv)
    Brightness::value()                      0x08001ea9   Thumb Code     8  brightness.o(i._ZN10Brightness5valueEv)
    Brightness::Brightness(PinName, unsigned, TIM_TypeDef*, TimerChannel) 0x08001eb1   Thumb Code    42  brightness.o(i._ZN10BrightnessC1E7PinNamejP11TIM_TypeDef12TimerChannel)
    Brightness::Brightness__sub_object(PinName, unsigned, TIM_TypeDef*, TimerChannel) 0x08001eb1   Thumb Code     0  brightness.o(i._ZN10BrightnessC1E7PinNamejP11TIM_TypeDef12TimerChannel)
    DigitalOut::DigitalOut(PinName)          0x08001edb   Thumb Code    46  digital.o(i._ZN10DigitalOutC1E7PinName)
    DigitalOut::DigitalOut__sub_object(PinName) 0x08001edb   Thumb Code     0  digital.o(i._ZN10DigitalOutC1E7PinName)
    DigitalOut::operator =(unsigned)         0x08001f09   Thumb Code    18  digital.o(i._ZN10DigitalOutaSEj)
    InterruptIn::risefall(void(*)())         0x08001f1d   Thumb Code    34  digital.o(i._ZN11InterruptIn8risefallEPFvvE)
    InterruptIn::InterruptIn(PinName)        0x08001f49   Thumb Code   214  digital.o(i._ZN11InterruptInC1E7PinName)
    InterruptIn::InterruptIn__sub_object(PinName) 0x08001f49   Thumb Code     0  digital.o(i._ZN11InterruptInC1E7PinName)
    SevenSegGroup::add(SevenSeg*)            0x08002031   Thumb Code    42  sevenseg.o(i._ZN13SevenSegGroup3addEP8SevenSeg)
    SevenSegGroup::set(unsigned char*, unsigned) 0x0800205b   Thumb Code    46  sevenseg.o(i._ZN13SevenSegGroup3setEPhj)
    SevenSegGroup::blink(unsigned char, unsigned) 0x08002089   Thumb Code    32  sevenseg.o(i._ZN13SevenSegGroup5blinkEhj)
    SevenSegGroup::clear()                   0x080020a9   Thumb Code    14  sevenseg.o(i._ZN13SevenSegGroup5clearEv)
    SevenSegGroup::timer()                   0x080020b7   Thumb Code    50  sevenseg.o(i._ZN13SevenSegGroup5timerEv)
    SevenSegGroup::update()                  0x080020e9   Thumb Code   360  sevenseg.o(i._ZN13SevenSegGroup6updateEv)
    SevenSegGroup::SevenSegGroup()           0x08002251   Thumb Code    16  sevenseg.o(i._ZN13SevenSegGroupC1Ev)
    SevenSegGroup::SevenSegGroup__sub_object() 0x08002251   Thumb Code     0  sevenseg.o(i._ZN13SevenSegGroupC1Ev)
    CircularBuffer::get()                    0x08002261   Thumb Code    32  circularbuffer.o(i._ZN14CircularBuffer3getEv)
    CircularBuffer::put(unsigned char)       0x08002281   Thumb Code    32  circularbuffer.o(i._ZN14CircularBuffer3putEh)
    CircularBuffer::count()                  0x080022a1   Thumb Code     6  circularbuffer.o(i._ZN14CircularBuffer5countEv)
    CircularBuffer::flush()                  0x080022a7   Thumb Code    10  circularbuffer.o(i._ZN14CircularBuffer5flushEv)
    CircularBuffer::CircularBuffer(unsigned char*, unsigned short) 0x080022b1   Thumb Code    14  circularbuffer.o(i._ZN14CircularBufferC1EPht)
    CircularBuffer::CircularBuffer__sub_object(unsigned char*, unsigned short) 0x080022b1   Thumb Code     0  circularbuffer.o(i._ZN14CircularBufferC1EPht)
    I2C::busy()                              0x080022c1   Thumb Code    22  i2c.o(i._ZN3I2C4busyEv)
    I2C::read(unsigned char, unsigned char*, unsigned char) 0x080022dd   Thumb Code   138  i2c.o(i._ZN3I2C4readEhPhh)
    I2C::write(unsigned char, unsigned char*, unsigned char) 0x08002367   Thumb Code   122  i2c.o(i._ZN3I2C5writeEhPhh)
    I2C::I2C(I2C_TypeDef*, PinName, PinName) 0x080023e1   Thumb Code   438  i2c.o(i._ZN3I2CC1EP11I2C_TypeDef7PinNameS2_)
    I2C::I2C__sub_object(I2C_TypeDef*, PinName, PinName) 0x080023e1   Thumb Code     0  i2c.o(i._ZN3I2CC1EP11I2C_TypeDef7PinNameS2_)
    GNSS::satellites()                       0x080025b5   Thumb Code     6  gps.o(i._ZN4GNSS10satellitesEv)
    GNSS::fix()                              0x080025bb   Thumb Code     6  gps.o(i._ZN4GNSS3fixEv)
    GNSS::time(Time*)                        0x080025c1   Thumb Code    14  gps.o(i._ZN4GNSS4timeEP4Time)
    GNSS::parse(unsigned*, unsigned char*, unsigned short) 0x080025d1   Thumb Code   798  gps.o(i._ZN4GNSS5parseEPjPht)
    GNSS::update()                           0x08002915   Thumb Code   198  gps.o(i._ZN4GNSS6updateEv)
    GNSS::altitude()                         0x080029db   Thumb Code     6  gps.o(i._ZN4GNSS8altitudeEv)
    GNSS::GNSS(Serial*)                      0x080029e1   Thumb Code     4  gps.o(i._ZN4GNSSC1EP6Serial)
    GNSS::GNSS__sub_object(Serial*)          0x080029e1   Thumb Code     0  gps.o(i._ZN4GNSSC1EP6Serial)
    GPIO::af(PinAF)                          0x080029e5   Thumb Code    60  gpio.o(i._ZN4GPIO2afE5PinAF)
    GPIO::mode(PinMode)                      0x08002a21   Thumb Code    40  gpio.o(i._ZN4GPIO4modeE7PinMode)
    GPIO::port()                             0x08002a49   Thumb Code     6  gpio.o(i._ZN4GPIO4portEv)
    GPIO::pull(PinPull)                      0x08002a4f   Thumb Code    40  gpio.o(i._ZN4GPIO4pullE7PinPull)
    GPIO::read()                             0x08002a77   Thumb Code    22  gpio.o(i._ZN4GPIO4readEv)
    GPIO::type(PinType)                      0x08002a8d   Thumb Code    38  gpio.o(i._ZN4GPIO4typeE7PinType)
    GPIO::clock(unsigned)                    0x08002ab5   Thumb Code    92  gpio.o(i._ZN4GPIO5clockEj)
    GPIO::write(unsigned)                    0x08002b1d   Thumb Code    20  gpio.o(i._ZN4GPIO5writeEj)
    GPIO::GPIO(PinName, PinMode)             0x08002b31   Thumb Code    48  gpio.o(i._ZN4GPIOC1E7PinName7PinMode)
    GPIO::GPIO__sub_object(PinName, PinMode) 0x08002b31   Thumb Code     0  gpio.o(i._ZN4GPIOC1E7PinName7PinMode)
    Menu::next()                             0x08002b61   Thumb Code    50  menu_1.o(i._ZN4Menu4nextEv)
    Menu::insert(Item*)                      0x08002b93   Thumb Code    32  menu_1.o(i._ZN4Menu6insertEP4Item)
    Menu::current(Item**)                    0x08002bb3   Thumb Code     6  menu_1.o(i._ZN4Menu7currentEPP4Item)
    Menu::previous()                         0x08002bb9   Thumb Code    50  menu_1.o(i._ZN4Menu8previousEv)
    Menu::Menu()                             0x08002beb   Thumb Code    10  menu_1.o(i._ZN4MenuC1Ev)
    Menu::Menu__sub_object()                 0x08002beb   Thumb Code     0  menu_1.o(i._ZN4MenuC1Ev)
    Timer::start()                           0x08002bf5   Thumb Code    14  timer.o(i._ZN5Timer5startEv)
    Timer::attach(void(*)())                 0x08002c05   Thumb Code   174  timer.o(i._ZN5Timer6attachEPFvvE)
    Timer::Timer(TIM_TypeDef*)               0x08002cc5   Thumb Code   284  timer.o(i._ZN5TimerC1EP11TIM_TypeDef)
    Timer::Timer__sub_object(TIM_TypeDef*)   0x08002cc5   Thumb Code     0  timer.o(i._ZN5TimerC1EP11TIM_TypeDef)
    Button::get()                            0x08002df5   Thumb Code     6  button.o(i._ZN6Button3getEv)
    Button::timer()                          0x08002dfb   Thumb Code    18  button.o(i._ZN6Button5timerEv)
    Button::update()                         0x08002e0d   Thumb Code   110  button.o(i._ZN6Button6updateEv)
    Button::Button(PinName)                  0x08002e7b   Thumb Code    32  button.o(i._ZN6ButtonC1E7PinName)
    Button::Button__sub_object(PinName)      0x08002e7b   Thumb Code     0  button.o(i._ZN6ButtonC1E7PinName)
    DS3231::temperature()                    0x08002e9b   Thumb Code     8  ds3231.o(i._ZN6DS323111temperatureEv)
    DS3231::get(Time*)                       0x08002ea3   Thumb Code    14  ds3231.o(i._ZN6DS32313getEP4Time)
    DS3231::irq()                            0x08002eb1   Thumb Code    70  ds3231.o(i._ZN6DS32313irqEv)
    DS3231::set(Time*)                       0x08002ef7   Thumb Code    50  ds3231.o(i._ZN6DS32313setEP4Time)
    DS3231::timer()                          0x08002f29   Thumb Code    14  ds3231.o(i._ZN6DS32315timerEv)
    DS3231::update()                         0x08002f37   Thumb Code   378  ds3231.o(i._ZN6DS32316updateEv)
    DS3231::DS3231(I2C*, InterruptIn*)       0x080030b1   Thumb Code    56  ds3231.o(i._ZN6DS3231C1EP3I2CP11InterruptIn)
    DS3231::DS3231__sub_object(I2C*, InterruptIn*) 0x080030b1   Thumb Code     0  ds3231.o(i._ZN6DS3231C1EP3I2CP11InterruptIn)
    PwmOut::write(unsigned char)             0x080030e9   Thumb Code    54  timer.o(i._ZN6PwmOut5writeEh)
    PwmOut::PwmOut(PinName, unsigned, TIM_TypeDef*, TimerChannel) 0x08003121   Thumb Code   386  timer.o(i._ZN6PwmOutC1E7PinNamejP11TIM_TypeDef12TimerChannel)
    PwmOut::PwmOut__sub_object(PinName, unsigned, TIM_TypeDef*, TimerChannel) 0x08003121   Thumb Code     0  timer.o(i._ZN6PwmOutC1E7PinNamejP11TIM_TypeDef12TimerChannel)
    Serial::pin(GPIO*)                       0x080032b5   Thumb Code    72  serial.o(i._ZN6Serial3pinEP4GPIO)
    Serial::read(unsigned char*)             0x080032fd   Thumb Code    72  serial.o(i._ZN6Serial4readEPh)
    Serial::Serial(USART_TypeDef*, PinName, PinName, PinName) 0x08003349   Thumb Code   586  serial.o(i._ZN6SerialC1EP13USART_TypeDef7PinNameS2_S2_)
    Serial::Serial__sub_object(USART_TypeDef*, PinName, PinName, PinName) 0x08003349   Thumb Code     0  serial.o(i._ZN6SerialC1EP13USART_TypeDef7PinNameS2_S2_)
    Ticker::attach_us(void(*)(), unsigned)   0x080035b9   Thumb Code    58  timer.o(i._ZN6Ticker9attach_usEPFvvEj)
    Ticker::Ticker(TIM_TypeDef*)             0x080035fd   Thumb Code    20  timer.o(i._ZN6TickerC1EP11TIM_TypeDef)
    Ticker::Ticker__sub_object(TIM_TypeDef*) 0x080035fd   Thumb Code     0  timer.o(i._ZN6TickerC1EP11TIM_TypeDef)
    Encoder::get()                           0x08003611   Thumb Code    24  encoder.o(i._ZN7Encoder3getEv)
    Encoder::irq()                           0x08003629   Thumb Code    70  encoder.o(i._ZN7Encoder3irqEv)
    Encoder::round(int, int)                 0x08003675   Thumb Code    38  encoder.o(i._ZN7Encoder5roundEii)
    Encoder::attach(unsigned char*, unsigned char) 0x0800369b   Thumb Code     6  encoder.o(i._ZN7Encoder6attachEPhh)
    Encoder::update()                        0x080036a1   Thumb Code   148  encoder.o(i._ZN7Encoder6updateEv)
    Encoder::circular(unsigned char)         0x08003735   Thumb Code    16  encoder.o(i._ZN7Encoder8circularEh)
    Encoder::Encoder(InterruptIn*, InterruptIn*) 0x08003745   Thumb Code    64  encoder.o(i._ZN7EncoderC1EP11InterruptInS1_)
    Encoder::Encoder__sub_object(InterruptIn*, InterruptIn*) 0x08003745   Thumb Code     0  encoder.o(i._ZN7EncoderC1EP11InterruptInS1_)
    SevenSeg::on()                           0x08003785   Thumb Code    14  sevenseg.o(i._ZN8SevenSeg2onEv)
    SevenSeg::off()                          0x08003793   Thumb Code    14  sevenseg.o(i._ZN8SevenSeg3offEv)
    SevenSeg::set(unsigned char)             0x080037a1   Thumb Code    22  sevenseg.o(i._ZN8SevenSeg3setEh)
    SevenSeg::segments(unsigned char)        0x080037bd   Thumb Code    52  sevenseg.o(i._ZN8SevenSeg8segmentsEh)
    SevenSeg::SevenSeg(DigitalOut*, DigitalOut*) 0x080037f1   Thumb Code    42  sevenseg.o(i._ZN8SevenSegC1EP10DigitalOutS1_)
    SevenSeg::SevenSeg__sub_object(DigitalOut*, DigitalOut*) 0x080037f1   Thumb Code     0  sevenseg.o(i._ZN8SevenSegC1EP10DigitalOutS1_)
    Timezone::offset(float, float)           0x0800381d   Thumb Code   136  timezone.o(i._ZN8Timezone6offsetEff)
    Timezone::Timezone()                     0x080038c1   Thumb Code     2  timezone.o(i._ZN8TimezoneC1Ev)
    Timezone::Timezone__sub_object()         0x080038c1   Thumb Code     0  timezone.o(i._ZN8TimezoneC1Ev)
    __ARM_common_switch8                     0x080038c3   Thumb Code    28  ds3231.o(i.__ARM_common_switch8)
    __user_setup_stackheap                   0x08003ad5   Thumb Code    28  sys.o(i.__user_setup_stackheap)
    main                                     0x08003af5   Thumb Code    12  main.o(i.main)
    __aeabi_fadd                             0x08003b01   Thumb Code     0  faddsub.o(x$fpl$fadd)
    _fadd                                    0x08003b01   Thumb Code   134  faddsub.o(x$fpl$fadd)
    __aeabi_fmul                             0x08003b8d   Thumb Code     0  fmul.o(x$fpl$fmul)
    _fmul                                    0x08003b8d   Thumb Code   172  fmul.o(x$fpl$fmul)
    __aeabi_fsub                             0x08003c3d   Thumb Code     0  faddsub.o(x$fpl$fsub)
    _fsub                                    0x08003c3d   Thumb Code   204  faddsub.o(x$fpl$fsub)
    __I$use$fp                               0x08003d0c   Number         0  usenofp.o(x$fpl$usenofp)
    Region$$Table$$Base                      0x0800e6ac   Number         0  anon$$obj.o(Region$$Table)
    Region$$Table$$Limit                     0x0800e6cc   Number         0  anon$$obj.o(Region$$Table)
    SHT$$INIT_ARRAY$$Base                    0x0800e6cc   Number         0  config.o(.init_array)
    SHT$$INIT_ARRAY$$Limit                   0x0800e6d0   Number         0  init_aeabi.o(.init_array)
    SystemCoreClock                          0x200000c0   Data           4  system_stm32f0xx.o(.data)
    AHBPrescTable                            0x200000c4   Data          16  system_stm32f0xx.o(.data)
    sysTick                                  0x200000d4   Data           4  system_stm32f0xx.o(.data)
    ticker                                   0x200000f8   Data           4  config.o(.data)
    tz                                       0x200000fc   Data           1  config.o(.data)
    time                                     0x200000fd   Data           3  config.o(.data)
    date                                     0x20000100   Data           3  config.o(.data)
    clock                                    0x20000104   Data          32  config.o(.data)
    temperature                              0x20000124   Data          32  config.o(.data)
    fix                                      0x20000144   Data          32  config.o(.data)
    satellites                               0x20000164   Data          32  config.o(.data)
    altitude                                 0x20000184   Data          32  config.o(.data)
    item                                     0x200001a4   Data           4  config.o(.data)
    extiCallback                             0x200001c0   Data          64  digital.o(.bss)
    updateCallback                           0x20000200   Data          32  timer.o(.bss)
    segment                                  0x20000220   Data          84  config.o(.bss)
    digit                                    0x20000274   Data          48  config.o(.bss)
    dots                                     0x200002a4   Data          12  config.o(.bss)
    sevenSeg0                                0x200002b0   Data          32  config.o(.bss)
    sevenSeg1                                0x200002d0   Data          32  config.o(.bss)
    sevenSeg2                                0x200002f0   Data          32  config.o(.bss)
    sevenSeg3                                0x20000310   Data          32  config.o(.bss)
    sevenSegGroup                            0x20000330   Data         144  config.o(.bss)
    encoderRightChA                          0x200003c0   Data          12  config.o(.bss)
    encoderRightChB                          0x200003cc   Data          12  config.o(.bss)
    encoderLeftChA                           0x200003d8   Data          12  config.o(.bss)
    encoderLeftChB                           0x200003e4   Data          12  config.o(.bss)
    encoderRight                             0x200003f0   Data          36  config.o(.bss)
    encoderLeft                              0x20000414   Data          36  config.o(.bss)
    buttonRight                              0x20000438   Data          16  config.o(.bss)
    buttonLeft                               0x20000448   Data          16  config.o(.bss)
    brightness                               0x20000458   Data          28  config.o(.bss)
    serial                                   0x20000474   Data        1092  config.o(.bss)
    gnss                                     0x200008b8   Data          28  config.o(.bss)
    i2c                                      0x200008d4   Data         116  config.o(.bss)
    squareWave                               0x20000948   Data          12  config.o(.bss)
    ds3231                                   0x20000954   Data          44  config.o(.bss)
    menu                                     0x20000980   Data          12  config.o(.bss)
    Image$$RW_IRAM1$$ZI$$Limit               0x2000098c   Number         0  anon$$obj.o ABSOLUTE



==============================================================================

Memory Map of the image

  Image Entry point : 0x080000bd

  Load Region LR_IROM1 (Base: 0x08000000, Size: 0x0000e7d0, Max: 0x00010000, ABSOLUTE)

    Execution Region ER_IROM1 (Exec base: 0x08000000, Load base: 0x08000000, Size: 0x0000e6d0, Max: 0x00010000, ABSOLUTE)

    Exec Addr    Load Addr    Size         Type   Attr      Idx    E Section Name        Object

    0x08000000   0x08000000   0x000000bc   Data   RO            1    RESET               startup_stm32f051x8.o
    0x080000bc   0x080000bc   0x00000008   Code   RO         2161  * !!!main             c_p.l(__main.o)
    0x080000c4   0x080000c4   0x0000003c   Code   RO         2355    !!!scatter          c_p.l(__scatter.o)
    0x08000100   0x08000100   0x0000001a   Code   RO         2357    !!handler_copy      c_p.l(__scatter_copy.o)
    0x0800011a   0x0800011a   0x00000002   PAD
    0x0800011c   0x0800011c   0x0000001c   Code   RO         2359    !!handler_zi        c_p.l(__scatter_zi.o)
    0x08000138   0x08000138   0x00000002   Code   RO         2281    .ARM.Collect$$libinit$$00000000  c_p.l(libinit.o)
    0x0800013a   0x0800013a   0x00000000   Code   RO         2200    .ARM.Collect$$libinit$$00000002  c_p.l(libinit2.o)
    0x0800013a   0x0800013a   0x00000000   Code   RO         2202    .ARM.Collect$$libinit$$00000004  c_p.l(libinit2.o)
    0x0800013a   0x0800013a   0x00000000   Code   RO         2205    .ARM.Collect$$libinit$$0000000A  c_p.l(libinit2.o)
    0x0800013a   0x0800013a   0x00000000   Code   RO         2207    .ARM.Collect$$libinit$$0000000C  c_p.l(libinit2.o)
    0x0800013a   0x0800013a   0x00000000   Code   RO         2209    .ARM.Collect$$libinit$$0000000E  c_p.l(libinit2.o)
    0x0800013a   0x0800013a   0x00000000   Code   RO         2212    .ARM.Collect$$libinit$$00000011  c_p.l(libinit2.o)
    0x0800013a   0x0800013a   0x00000000   Code   RO         2214    .ARM.Collect$$libinit$$00000013  c_p.l(libinit2.o)
    0x0800013a   0x0800013a   0x00000000   Code   RO         2216    .ARM.Collect$$libinit$$00000015  c_p.l(libinit2.o)
    0x0800013a   0x0800013a   0x00000000   Code   RO         2218    .ARM.Collect$$libinit$$00000017  c_p.l(libinit2.o)
    0x0800013a   0x0800013a   0x00000000   Code   RO         2220    .ARM.Collect$$libinit$$00000019  c_p.l(libinit2.o)
    0x0800013a   0x0800013a   0x00000000   Code   RO         2222    .ARM.Collect$$libinit$$0000001B  c_p.l(libinit2.o)
    0x0800013a   0x0800013a   0x00000000   Code   RO         2224    .ARM.Collect$$libinit$$0000001D  c_p.l(libinit2.o)
    0x0800013a   0x0800013a   0x00000000   Code   RO         2226    .ARM.Collect$$libinit$$0000001F  c_p.l(libinit2.o)
    0x0800013a   0x0800013a   0x00000000   Code   RO         2228    .ARM.Collect$$libinit$$00000021  c_p.l(libinit2.o)
    0x0800013a   0x0800013a   0x00000000   Code   RO         2230    .ARM.Collect$$libinit$$00000023  c_p.l(libinit2.o)
    0x0800013a   0x0800013a   0x00000000   Code   RO         2232    .ARM.Collect$$libinit$$00000025  c_p.l(libinit2.o)
    0x0800013a   0x0800013a   0x00000000   Code   RO         2236    .ARM.Collect$$libinit$$0000002C  c_p.l(libinit2.o)
    0x0800013a   0x0800013a   0x00000000   Code   RO         2238    .ARM.Collect$$libinit$$0000002E  c_p.l(libinit2.o)
    0x0800013a   0x0800013a   0x00000000   Code   RO         2240    .ARM.Collect$$libinit$$00000030  c_p.l(libinit2.o)
    0x0800013a   0x0800013a   0x00000004   Code   RO         2241    .ARM.Collect$$libinit$$00000031  c_p.l(libinit2.o)
    0x0800013e   0x0800013e   0x00000000   Code   RO         2242    .ARM.Collect$$libinit$$00000032  c_p.l(libinit2.o)
    0x0800013e   0x0800013e   0x00000002   Code   RO         2243    .ARM.Collect$$libinit$$00000033  c_p.l(libinit2.o)
    0x08000140   0x08000140   0x00000002   Code   RO         2322    .ARM.Collect$$libshutdown$$00000000  c_p.l(libshutdown.o)
    0x08000142   0x08000142   0x00000000   Code   RO         2338    .ARM.Collect$$libshutdown$$00000002  c_p.l(libshutdown2.o)
    0x08000142   0x08000142   0x00000000   Code   RO         2340    .ARM.Collect$$libshutdown$$00000004  c_p.l(libshutdown2.o)
    0x08000142   0x08000142   0x00000000   Code   RO         2343    .ARM.Collect$$libshutdown$$00000007  c_p.l(libshutdown2.o)
    0x08000142   0x08000142   0x00000000   Code   RO         2346    .ARM.Collect$$libshutdown$$0000000A  c_p.l(libshutdown2.o)
    0x08000142   0x08000142   0x00000000   Code   RO         2348    .ARM.Collect$$libshutdown$$0000000C  c_p.l(libshutdown2.o)
    0x08000142   0x08000142   0x00000000   Code   RO         2351    .ARM.Collect$$libshutdown$$0000000F  c_p.l(libshutdown2.o)
    0x08000142   0x08000142   0x00000002   Code   RO         2352    .ARM.Collect$$libshutdown$$00000010  c_p.l(libshutdown2.o)
    0x08000144   0x08000144   0x00000000   Code   RO         2194    .ARM.Collect$$rtentry$$00000000  c_p.l(__rtentry.o)
    0x08000144   0x08000144   0x00000000   Code   RO         2246    .ARM.Collect$$rtentry$$00000002  c_p.l(__rtentry2.o)
    0x08000144   0x08000144   0x00000006   Code   RO         2258    .ARM.Collect$$rtentry$$00000004  c_p.l(__rtentry4.o)
    0x0800014a   0x0800014a   0x00000000   Code   RO         2248    .ARM.Collect$$rtentry$$00000009  c_p.l(__rtentry2.o)
    0x0800014a   0x0800014a   0x00000004   Code   RO         2249    .ARM.Collect$$rtentry$$0000000A  c_p.l(__rtentry2.o)
    0x0800014e   0x0800014e   0x00000000   Code   RO         2251    .ARM.Collect$$rtentry$$0000000C  c_p.l(__rtentry2.o)
    0x0800014e   0x0800014e   0x00000008   Code   RO         2252    .ARM.Collect$$rtentry$$0000000D  c_p.l(__rtentry2.o)
    0x08000156   0x08000156   0x00000002   Code   RO         2284    .ARM.Collect$$rtexit$$00000000  c_p.l(rtexit.o)
    0x08000158   0x08000158   0x00000000   Code   RO         2304    .ARM.Collect$$rtexit$$00000002  c_p.l(rtexit2.o)
    0x08000158   0x08000158   0x00000004   Code   RO         2305    .ARM.Collect$$rtexit$$00000003  c_p.l(rtexit2.o)
    0x0800015c   0x0800015c   0x00000006   Code   RO         2306    .ARM.Collect$$rtexit$$00000004  c_p.l(rtexit2.o)
    0x08000162   0x08000162   0x00000002   PAD
    0x08000164   0x08000164   0x0000001c   Code   RO            2    .text               startup_stm32f051x8.o
    0x08000180   0x08000180   0x00000040   Code   RO         2155    .text               c_p.l(rt_memclr.o)
    0x080001c0   0x080001c0   0x0000015a   Code   RO         2157    .text               c_p.l(aeabi_sdiv.o)
    0x0800031a   0x0800031a   0x00000002   PAD
    0x0800031c   0x0800031c   0x00000024   Code   RO         2166    .text               c_p.l(init_aeabi.o)
    0x08000340   0x08000340   0x0000007c   Code   RO         2169    .text               fz_ps.l(d2f.o)
    0x080003bc   0x080003bc   0x00000358   Code   RO         2171    .text               fz_ps.l(daddsub.o)
    0x08000714   0x08000714   0x00000058   Code   RO         2173    .text               fz_ps.l(dflti.o)
    0x0800076c   0x0800076c   0x00000248   Code   RO         2175    .text               fz_ps.l(dmul.o)
    0x080009b4   0x080009b4   0x00000054   Code   RO         2177    .text               fz_ps.l(f2d.o)
    0x08000a08   0x08000a08   0x00000160   Code   RO         2185    .text               fz_ps.l(fdiv.o)
    0x08000b68   0x08000b68   0x00000030   Code   RO         2188    .text               fz_ps.l(ffixui.o)
    0x08000b98   0x08000b98   0x0000005e   Code   RO         2190    .text               fz_ps.l(fflti.o)
    0x08000bf6   0x08000bf6   0x00000010   Code   RO         2266    .text               c_p.l(exit.o)
    0x08000c06   0x08000c06   0x00000002   PAD
    0x08000c08   0x08000c08   0x0000000c   Code   RO         2298    .text               c_p.l(sys_exit.o)
    0x08000c14   0x08000c14   0x00000002   Code   RO         2300    .text               c_p.l(use_no_semi.o)
    0x08000c16   0x08000c16   0x00000000   Code   RO         2302    .text               c_p.l(indicate_semi.o)
    0x08000c16   0x08000c16   0x00000002   PAD
    0x08000c18   0x08000c18   0x00000044   Code   RO          375    i.EXTI0_1_IRQHandler  digital.o
    0x08000c5c   0x08000c5c   0x00000044   Code   RO          376    i.EXTI2_3_IRQHandler  digital.o
    0x08000ca0   0x08000ca0   0x00000044   Code   RO          377    i.EXTI4_15_IRQHandler  digital.o
    0x08000ce4   0x08000ce4   0x00000004   Code   RO           10    i.HardFault_Handler  system_stm32f0xx.o
    0x08000ce8   0x08000ce8   0x00000134   Code   RO          860    i.I2C1_IRQHandler   i2c.o
    0x08000e1c   0x08000e1c   0x00000134   Code   RO          861    i.I2C2_IRQHandler   i2c.o
    0x08000f50   0x08000f50   0x00000002   Code   RO           11    i.NMI_Handler       system_stm32f0xx.o
    0x08000f52   0x08000f52   0x00000002   Code   RO           12    i.PendSV_Handler    system_stm32f0xx.o
    0x08000f54   0x08000f54   0x00000002   Code   RO           13    i.SVC_Handler       system_stm32f0xx.o
    0x08000f56   0x08000f56   0x00000002   PAD
    0x08000f58   0x08000f58   0x00000010   Code   RO           14    i.SysTick_Handler   system_stm32f0xx.o
    0x08000f68   0x08000f68   0x000000d0   Code   RO           17    i.SystemInit        system_stm32f0xx.o
    0x08001038   0x08001038   0x00000034   Code   RO          565    i.TIM14_IRQHandler  timer.o
    0x0800106c   0x0800106c   0x00000034   Code   RO          566    i.TIM15_IRQHandler  timer.o
    0x080010a0   0x080010a0   0x00000034   Code   RO          567    i.TIM16_IRQHandler  timer.o
    0x080010d4   0x080010d4   0x00000034   Code   RO          568    i.TIM17_IRQHandler  timer.o
    0x08001108   0x08001108   0x00000034   Code   RO          569    i.TIM1_BRK_UP_TRG_COM_IRQHandler  timer.o
    0x0800113c   0x0800113c   0x00000034   Code   RO          570    i.TIM2_IRQHandler   timer.o
    0x08001170   0x08001170   0x00000034   Code   RO          571    i.TIM3_IRQHandler   timer.o
    0x080011a4   0x080011a4   0x00000034   Code   RO          572    i.TIM6_DAC_IRQHandler  timer.o
    0x080011d8   0x080011d8   0x00000070   Code   RO          785    i.USART1_IRQHandler  serial.o
    0x08001248   0x08001248   0x00000070   Code   RO          786    i.USART2_IRQHandler  serial.o
    0x080012b8   0x080012b8   0x00000028   Code   RO         1434    i._Z10clock_initv   clock.o
    0x080012e0   0x080012e0   0x00000188   Code   RO         1435    i._Z10clock_mainv   clock.o
    0x08001468   0x08001468   0x00000054   Code   RO         1436    i._Z10clock_sub1v   clock.o
    0x080014bc   0x080014bc   0x00000034   Code   RO         1437    i._Z10clock_sub2v   clock.o
    0x080014f0   0x080014f0   0x00000080   Code   RO           18    i._Z11SetSysClockv  system_stm32f0xx.o
    0x08001570   0x08001570   0x0000000c   Code   RO         1438    i._Z11clock_statev  clock.o
    0x0800157c   0x0800157c   0x00000018   Code   RO         1439    i._Z11clock_timerv  clock.o
    0x08001594   0x08001594   0x00000028   Code   RO         1363    i._Z13altitude_initv  altitude.o
    0x080015bc   0x080015bc   0x000000bc   Code   RO         1364    i._Z13altitude_mainv  altitude.o
    0x08001678   0x08001678   0x00000002   Code   RO         1365    i._Z13altitude_sub1v  altitude.o
    0x0800167a   0x0800167a   0x00000002   Code   RO         1366    i._Z13altitude_sub2v  altitude.o
    0x0800167c   0x0800167c   0x0000000c   Code   RO         1367    i._Z14altitude_statev  altitude.o
    0x08001688   0x08001688   0x00000018   Code   RO         1368    i._Z14altitude_timerv  altitude.o
    0x080016a0   0x080016a0   0x00000010   Code   RO         1307    i._Z15EncoderLeftirqAv  callbacks.o
    0x080016b0   0x080016b0   0x00000010   Code   RO         1308    i._Z15EncoderLeftirqBv  callbacks.o
    0x080016c0   0x080016c0   0x00000028   Code   RO         1555    i._Z15satellites_initv  satellites.o
    0x080016e8   0x080016e8   0x00000080   Code   RO         1556    i._Z15satellites_mainv  satellites.o
    0x08001768   0x08001768   0x00000002   Code   RO         1557    i._Z15satellites_sub1v  satellites.o
    0x0800176a   0x0800176a   0x00000002   Code   RO         1558    i._Z15satellites_sub2v  satellites.o
    0x0800176c   0x0800176c   0x00000010   Code   RO         1309    i._Z16EncoderRightirqAv  callbacks.o
    0x0800177c   0x0800177c   0x00000010   Code   RO         1310    i._Z16EncoderRightirqBv  callbacks.o
    0x0800178c   0x0800178c   0x00000078   Code   RO           19    i._Z16NVIC_SetPriority4IRQnj  system_stm32f0xx.o
    0x08001804   0x08001804   0x00000078   Code   RO          378    i._Z16NVIC_SetPriority4IRQnj  digital.o
    0x0800187c   0x0800187c   0x00000078   Code   RO          573    i._Z16NVIC_SetPriority4IRQnj  timer.o
    0x080018f4   0x080018f4   0x00000078   Code   RO          787    i._Z16NVIC_SetPriority4IRQnj  serial.o
    0x0800196c   0x0800196c   0x00000078   Code   RO          862    i._Z16NVIC_SetPriority4IRQnj  i2c.o
    0x080019e4   0x080019e4   0x0000000c   Code   RO         1559    i._Z16satellites_statev  satellites.o
    0x080019f0   0x080019f0   0x00000018   Code   RO         1560    i._Z16satellites_timerv  satellites.o
    0x08001a08   0x08001a08   0x00000028   Code   RO         1614    i._Z16temperature_initv  temperature.o
    0x08001a30   0x08001a30   0x000000a0   Code   RO         1615    i._Z16temperature_mainv  temperature.o
    0x08001ad0   0x08001ad0   0x00000002   Code   RO         1616    i._Z16temperature_sub1v  temperature.o
    0x08001ad2   0x08001ad2   0x00000002   Code   RO         1617    i._Z16temperature_sub2v  temperature.o
    0x08001ad4   0x08001ad4   0x0000000c   Code   RO         1618    i._Z17temperature_statev  temperature.o
    0x08001ae0   0x08001ae0   0x00000018   Code   RO         1619    i._Z17temperature_timerv  temperature.o
    0x08001af8   0x08001af8   0x00000120   Code   RO         1174    i._Z4initv          init.o
    0x08001c18   0x08001c18   0x000000b8   Code   RO         1257    i._Z4loopv          loop.o
    0x08001cd0   0x08001cd0   0x00000016   Code   RO          178    i._Z7bcd2binh       common.o
    0x08001ce6   0x08001ce6   0x00000026   Code   RO          179    i._Z7bin2bcdh       common.o
    0x08001d0c   0x08001d0c   0x00000048   Code   RO         1311    i._Z7tickMCUv       callbacks.o
    0x08001d54   0x08001d54   0x0000004c   Code   RO         1312    i._Z7tickRTCv       callbacks.o
    0x08001da0   0x08001da0   0x00000028   Code   RO         1496    i._Z8fix_initv      fix.o
    0x08001dc8   0x08001dc8   0x00000074   Code   RO         1497    i._Z8fix_mainv      fix.o
    0x08001e3c   0x08001e3c   0x00000002   Code   RO         1498    i._Z8fix_sub1v      fix.o
    0x08001e3e   0x08001e3e   0x00000002   Code   RO         1499    i._Z8fix_sub2v      fix.o
    0x08001e40   0x08001e40   0x0000000c   Code   RO         1500    i._Z9fix_statev     fix.o
    0x08001e4c   0x08001e4c   0x00000018   Code   RO         1501    i._Z9fix_timerv     fix.o
    0x08001e64   0x08001e64   0x00000024   Code   RO         1673    i._ZN10Brightness3setEh  brightness.o
    0x08001e88   0x08001e88   0x00000020   Code   RO         1674    i._ZN10Brightness3setEv  brightness.o
    0x08001ea8   0x08001ea8   0x00000008   Code   RO         1675    i._ZN10Brightness5valueEv  brightness.o
    0x08001eb0   0x08001eb0   0x0000002a   Code   RO         1676    i._ZN10BrightnessC1E7PinNamejP11TIM_TypeDef12TimerChannel  brightness.o
    0x08001eda   0x08001eda   0x0000002e   Code   RO          379    i._ZN10DigitalOutC1E7PinName  digital.o
    0x08001f08   0x08001f08   0x00000012   Code   RO          380    i._ZN10DigitalOutaSEj  digital.o
    0x08001f1a   0x08001f1a   0x00000002   PAD
    0x08001f1c   0x08001f1c   0x0000002c   Code   RO          383    i._ZN11InterruptIn8risefallEPFvvE  digital.o
    0x08001f48   0x08001f48   0x000000e8   Code   RO          384    i._ZN11InterruptInC1E7PinName  digital.o
    0x08002030   0x08002030   0x0000002a   Code   RO         1969    i._ZN13SevenSegGroup3addEP8SevenSeg  sevenseg.o
    0x0800205a   0x0800205a   0x0000002e   Code   RO         1970    i._ZN13SevenSegGroup3setEPhj  sevenseg.o
    0x08002088   0x08002088   0x00000020   Code   RO         1971    i._ZN13SevenSegGroup5blinkEhj  sevenseg.o
    0x080020a8   0x080020a8   0x0000000e   Code   RO         1973    i._ZN13SevenSegGroup5clearEv  sevenseg.o
    0x080020b6   0x080020b6   0x00000032   Code   RO         1974    i._ZN13SevenSegGroup5timerEv  sevenseg.o
    0x080020e8   0x080020e8   0x00000168   Code   RO         1977    i._ZN13SevenSegGroup6updateEv  sevenseg.o
    0x08002250   0x08002250   0x00000010   Code   RO         1978    i._ZN13SevenSegGroupC1Ev  sevenseg.o
    0x08002260   0x08002260   0x00000020   Code   RO          209    i._ZN14CircularBuffer3getEv  circularbuffer.o
    0x08002280   0x08002280   0x00000020   Code   RO          210    i._ZN14CircularBuffer3putEh  circularbuffer.o
    0x080022a0   0x080022a0   0x00000006   Code   RO          211    i._ZN14CircularBuffer5countEv  circularbuffer.o
    0x080022a6   0x080022a6   0x0000000a   Code   RO          212    i._ZN14CircularBuffer5flushEv  circularbuffer.o
    0x080022b0   0x080022b0   0x0000000e   Code   RO          213    i._ZN14CircularBufferC1EPht  circularbuffer.o
    0x080022be   0x080022be   0x00000002   PAD
    0x080022c0   0x080022c0   0x0000001c   Code   RO          863    i._ZN3I2C4busyEv    i2c.o
    0x080022dc   0x080022dc   0x0000008a   Code   RO          864    i._ZN3I2C4readEhPhh  i2c.o
    0x08002366   0x08002366   0x0000007a   Code   RO          865    i._ZN3I2C5writeEhPhh  i2c.o
    0x080023e0   0x080023e0   0x000001d4   Code   RO          868    i._ZN3I2CC1EP11I2C_TypeDef7PinNameS2_  i2c.o
    0x080025b4   0x080025b4   0x00000006   Code   RO         1895    i._ZN4GNSS10satellitesEv  gps.o
    0x080025ba   0x080025ba   0x00000006   Code   RO         1896    i._ZN4GNSS3fixEv    gps.o
    0x080025c0   0x080025c0   0x0000000e   Code   RO         1898    i._ZN4GNSS4timeEP4Time  gps.o
    0x080025ce   0x080025ce   0x00000002   PAD
    0x080025d0   0x080025d0   0x00000344   Code   RO         1899    i._ZN4GNSS5parseEPjPht  gps.o
    0x08002914   0x08002914   0x000000c6   Code   RO         1901    i._ZN4GNSS6updateEv  gps.o
    0x080029da   0x080029da   0x00000006   Code   RO         1902    i._ZN4GNSS8altitudeEv  gps.o
    0x080029e0   0x080029e0   0x00000004   Code   RO         1904    i._ZN4GNSSC1EP6Serial  gps.o
    0x080029e4   0x080029e4   0x0000003c   Code   RO          283    i._ZN4GPIO2afE5PinAF  gpio.o
    0x08002a20   0x08002a20   0x00000028   Code   RO          286    i._ZN4GPIO4modeE7PinMode  gpio.o
    0x08002a48   0x08002a48   0x00000006   Code   RO          287    i._ZN4GPIO4portEv   gpio.o
    0x08002a4e   0x08002a4e   0x00000028   Code   RO          288    i._ZN4GPIO4pullE7PinPull  gpio.o
    0x08002a76   0x08002a76   0x00000016   Code   RO          289    i._ZN4GPIO4readEv   gpio.o
    0x08002a8c   0x08002a8c   0x00000026   Code   RO          290    i._ZN4GPIO4typeE7PinType  gpio.o
    0x08002ab2   0x08002ab2   0x00000002   PAD
    0x08002ab4   0x08002ab4   0x00000068   Code   RO          291    i._ZN4GPIO5clockEj  gpio.o
    0x08002b1c   0x08002b1c   0x00000014   Code   RO          293    i._ZN4GPIO5writeEj  gpio.o
    0x08002b30   0x08002b30   0x00000030   Code   RO          294    i._ZN4GPIOC1E7PinName7PinMode  gpio.o
    0x08002b60   0x08002b60   0x00000032   Code   RO         2111    i._ZN4Menu4nextEv   menu_1.o
    0x08002b92   0x08002b92   0x00000020   Code   RO         2112    i._ZN4Menu6insertEP4Item  menu_1.o
    0x08002bb2   0x08002bb2   0x00000006   Code   RO         2113    i._ZN4Menu7currentEPP4Item  menu_1.o
    0x08002bb8   0x08002bb8   0x00000032   Code   RO         2114    i._ZN4Menu8previousEv  menu_1.o
    0x08002bea   0x08002bea   0x0000000a   Code   RO         2115    i._ZN4MenuC1Ev      menu_1.o
    0x08002bf4   0x08002bf4   0x0000000e   Code   RO          577    i._ZN5Timer5startEv  timer.o
    0x08002c02   0x08002c02   0x00000002   PAD
    0x08002c04   0x08002c04   0x000000c0   Code   RO          578    i._ZN5Timer6attachEPFvvE  timer.o
    0x08002cc4   0x08002cc4   0x00000130   Code   RO          582    i._ZN5TimerC1EP11TIM_TypeDef  timer.o
    0x08002df4   0x08002df4   0x00000006   Code   RO         1716    i._ZN6Button3getEv  button.o
    0x08002dfa   0x08002dfa   0x00000012   Code   RO         1717    i._ZN6Button5timerEv  button.o
    0x08002e0c   0x08002e0c   0x0000006e   Code   RO         1718    i._ZN6Button6updateEv  button.o
    0x08002e7a   0x08002e7a   0x00000020   Code   RO         1719    i._ZN6ButtonC1E7PinName  button.o
    0x08002e9a   0x08002e9a   0x00000008   Code   RO         1755    i._ZN6DS323111temperatureEv  ds3231.o
    0x08002ea2   0x08002ea2   0x0000000e   Code   RO         1757    i._ZN6DS32313getEP4Time  ds3231.o
    0x08002eb0   0x08002eb0   0x00000046   Code   RO         1758    i._ZN6DS32313irqEv  ds3231.o
    0x08002ef6   0x08002ef6   0x00000032   Code   RO         1760    i._ZN6DS32313setEP4Time  ds3231.o
    0x08002f28   0x08002f28   0x0000000e   Code   RO         1762    i._ZN6DS32315timerEv  ds3231.o
    0x08002f36   0x08002f36   0x0000017a   Code   RO         1763    i._ZN6DS32316updateEv  ds3231.o
    0x080030b0   0x080030b0   0x00000038   Code   RO         1764    i._ZN6DS3231C1EP3I2CP11InterruptIn  ds3231.o
    0x080030e8   0x080030e8   0x00000036   Code   RO          584    i._ZN6PwmOut5writeEh  timer.o
    0x0800311e   0x0800311e   0x00000002   PAD
    0x08003120   0x08003120   0x00000194   Code   RO          586    i._ZN6PwmOutC1E7PinNamejP11TIM_TypeDef12TimerChannel  timer.o
    0x080032b4   0x080032b4   0x00000048   Code   RO          788    i._ZN6Serial3pinEP4GPIO  serial.o
    0x080032fc   0x080032fc   0x0000004c   Code   RO          789    i._ZN6Serial4readEPh  serial.o
    0x08003348   0x08003348   0x00000270   Code   RO          793    i._ZN6SerialC1EP13USART_TypeDef7PinNameS2_S2_  serial.o
    0x080035b8   0x080035b8   0x00000044   Code   RO          590    i._ZN6Ticker9attach_usEPFvvEj  timer.o
    0x080035fc   0x080035fc   0x00000014   Code   RO          591    i._ZN6TickerC1EP11TIM_TypeDef  timer.o
    0x08003610   0x08003610   0x00000018   Code   RO         1837    i._ZN7Encoder3getEv  encoder.o
    0x08003628   0x08003628   0x0000004c   Code   RO         1838    i._ZN7Encoder3irqEv  encoder.o
    0x08003674   0x08003674   0x00000026   Code   RO         1839    i._ZN7Encoder5roundEii  encoder.o
    0x0800369a   0x0800369a   0x00000006   Code   RO         1840    i._ZN7Encoder6attachEPhh  encoder.o
    0x080036a0   0x080036a0   0x00000094   Code   RO         1841    i._ZN7Encoder6updateEv  encoder.o
    0x08003734   0x08003734   0x00000010   Code   RO         1842    i._ZN7Encoder8circularEh  encoder.o
    0x08003744   0x08003744   0x00000040   Code   RO         1843    i._ZN7EncoderC1EP11InterruptInS1_  encoder.o
    0x08003784   0x08003784   0x0000000e   Code   RO         1979    i._ZN8SevenSeg2onEv  sevenseg.o
    0x08003792   0x08003792   0x0000000e   Code   RO         1980    i._ZN8SevenSeg3offEv  sevenseg.o
    0x080037a0   0x080037a0   0x0000001c   Code   RO         1981    i._ZN8SevenSeg3setEh  sevenseg.o
    0x080037bc   0x080037bc   0x00000034   Code   RO         1983    i._ZN8SevenSeg8segmentsEh  sevenseg.o
    0x080037f0   0x080037f0   0x0000002a   Code   RO         1984    i._ZN8SevenSegC1EP10DigitalOutS1_  sevenseg.o
    0x0800381a   0x0800381a   0x00000002   PAD
    0x0800381c   0x0800381c   0x000000a4   Code   RO         2082    i._ZN8Timezone6offsetEff  timezone.o
    0x080038c0   0x080038c0   0x00000002   Code   RO         2083    i._ZN8TimezoneC1Ev  timezone.o
    0x080038c2   0x080038c2   0x0000001c   Code   RO         1829    i.__ARM_common_switch8  ds3231.o
    0x080038de   0x080038de   0x00000002   PAD
    0x080038e0   0x080038e0   0x000001f4   Code   RO         1278    i.__sti___10_Config_cpp_ticker  config.o
    0x08003ad4   0x08003ad4   0x00000020   Code   RO          112    i.__user_setup_stackheap  sys.o
    0x08003af4   0x08003af4   0x0000000c   Code   RO         1150    i.main              main.o
    0x08003b00   0x08003b00   0x0000008c   Code   RO         2179    x$fpl$fadd          fz_ps.l(faddsub.o)
    0x08003b8c   0x08003b8c   0x000000b0   Code   RO         2192    x$fpl$fmul          fz_ps.l(fmul.o)
    0x08003c3c   0x08003c3c   0x000000d0   Code   RO         2181    x$fpl$fsub          fz_ps.l(faddsub.o)
    0x08003d0c   0x08003d0c   0x00000000   Code   RO         2244    x$fpl$usenofp       fz_ps.l(usenofp.o)
    0x08003d0c   0x08003d0c   0x00000004   Data   RO         1375    .constdata          altitude.o
    0x08003d10   0x08003d10   0x00000004   Data   RO         1446    .constdata          clock.o
    0x08003d14   0x08003d14   0x00000004   Data   RO         1508    .constdata          fix.o
    0x08003d18   0x08003d18   0x00000004   Data   RO         1567    .constdata          satellites.o
    0x08003d1c   0x08003d1c   0x00000004   Data   RO         1626    .constdata          temperature.o
    0x08003d20   0x08003d20   0x00000065   Data   RO         1681    .constdata          brightness.o
    0x08003d85   0x08003d85   0x00000010   Data   RO         1851    .constdata          encoder.o
    0x08003d95   0x08003d95   0x00000080   Data   RO         2001    .constdata          sevenseg.o
    0x08003e15   0x08003e15   0x0000a854   Data   RO         2086    .constdata          timezone.o
    0x0800e669   0x0800e669   0x00000040   Data   RO         2186    .constdata          fz_ps.l(fdiv.o)
    0x0800e6a9   0x0800e6a9   0x00000003   PAD
    0x0800e6ac   0x0800e6ac   0x00000020   Data   RO         2353    Region$$Table       anon$$obj.o
    0x0800e6cc   0x0800e6cc   0x00000004   Data   RO         1282    .init_array         config.o
    0x0800e6d0   0x0800e6cc   0x00000000   Data   RO         2164    .init_array         c_p.l(init_aeabi.o)


    Execution Region RW_IRAM1 (Exec base: 0x200000c0, Load base: 0x0800e6d0, Size: 0x000008cc, Max: 0x00001f40, ABSOLUTE)

    Exec Addr    Load Addr    Size         Type   Attr      Idx    E Section Name        Object

    0x200000c0   0x0800e6d0   0x00000018   Data   RW           30    .data               system_stm32f0xx.o
    0x200000d8   0x0800e6e8   0x00000010   Data   RW          803    .data               serial.o
    0x200000e8   0x0800e6f8   0x00000010   Data   RW          878    .data               i2c.o
    0x200000f8   0x0800e708   0x000000b0   Data   RW         1281    .data               config.o
    0x200001a8   0x0800e7b8   0x00000004   Data   RW         1376    .data               altitude.o
    0x200001ac   0x0800e7bc   0x00000007   Data   RW         1447    .data               clock.o
    0x200001b3   0x0800e7c3   0x00000001   PAD
    0x200001b4   0x0800e7c4   0x00000004   Data   RW         1509    .data               fix.o
    0x200001b8   0x0800e7c8   0x00000004   Data   RW         1568    .data               satellites.o
    0x200001bc   0x0800e7cc   0x00000004   Data   RW         1627    .data               temperature.o
    0x200001c0        -       0x00000040   Zero   RW          397    .bss                digital.o
    0x20000200        -       0x00000020   Zero   RW          629    .bss                timer.o
    0x20000220        -       0x0000076c   Zero   RW         1280    .bss                config.o


==============================================================================

Image component sizes


      Code (inc. data)   RO Data    RW Data    ZI Data      Debug   Object Name

       268         44          4          4          0       3074   altitude.o
       118          8        101          0          0       2816   brightness.o
       166          0          0          0          0       1876   button.o
       212         62          0          0          0       2442   callbacks.o
        94          0          0          0          0       3804   circularbuffer.o
       604        116          4          7          0       3384   clock.o
        60          0          0          0          0       2452   common.o
       500        130          4        176       1900       1698   config.o
       664         68          0          0         64      11423   digital.o
       618          8          0          0          0       3940   ds3231.o
       372          6         16          0          0       3920   encoder.o
       196         46          4          4          0       2900   fix.o
       378         12          0          0          0       4120   gpio.o
      1070         60          0          0          0       4172   gps.o
      1492         74          0         16          0       5712   i2c.o
       288        110          0          0          0       7835   init.o
       184         38          0          0          0        455   loop.o
        12          0          0          0          0        387   main.o
       148          0          0          0          0       4012   menu_1.o
         0          0          0          0          0        616   rtc.o
       208         44          4          4          0       3102   satellites.o
      1116         76          0         16          0       4712   serial.o
       710          6        128          0          0       6680   sevenseg.o
        28          8        188          0          0        636   startup_stm32f051x8.o
        32          4          0          0          0       3097   sys.o
       482         54          0         24          0      97988   system_stm32f0xx.o
       240         44          4          4          0       3156   temperature.o
      1592        150          0          0         32       9860   timer.o
       166         28      43092          0          0       1628   timezone.o

    ----------------------------------------------------------------------
     12036       1196      43581        256       1996     201897   Object Totals
         0          0         32          0          0          0   (incl. Generated)
        18          0          0          1          0          0   (incl. Padding)

    ----------------------------------------------------------------------

      Code (inc. data)   RO Data    RW Data    ZI Data      Debug   Library Member Name

         8          0          0          0          0         68   __main.o
         0          0          0          0          0          0   __rtentry.o
        12          0          0          0          0          0   __rtentry2.o
         6          0          0          0          0          0   __rtentry4.o
        60          8          0          0          0          0   __scatter.o
        26          0          0          0          0          0   __scatter_copy.o
        28          0          0          0          0          0   __scatter_zi.o
       346          0          0          0          0         92   aeabi_sdiv.o
        16          0          0          0          0         68   exit.o
         0          0          0          0          0          0   indicate_semi.o
        36         10          0          0          0         72   init_aeabi.o
         2          0          0          0          0          0   libinit.o
         6          0          0          0          0          0   libinit2.o
         2          0          0          0          0          0   libshutdown.o
         2          0          0          0          0          0   libshutdown2.o
        64          0          0          0          0        108   rt_memclr.o
         2          0          0          0          0          0   rtexit.o
        10          0          0          0          0          0   rtexit2.o
        12          4          0          0          0         60   sys_exit.o
         2          0          0          0          0         68   use_no_semi.o
       124          4          0          0          0         72   d2f.o
       856         20          0          0          0        208   daddsub.o
        88          0          0          0          0         92   dflti.o
       584         26          0          0          0         84   dmul.o
        84          4          0          0          0         60   f2d.o
       348          8          0          0          0        160   faddsub.o
       352         10         64          0          0         92   fdiv.o
        48          0          0          0          0         60   ffixui.o
        94          0          0          0          0         92   fflti.o
       176          4          0          0          0         80   fmul.o
         0          0          0          0          0          0   usenofp.o

    ----------------------------------------------------------------------
      3404         98         67          0          0       1536   Library Totals
        10          0          3          0          0          0   (incl. Padding)

    ----------------------------------------------------------------------

      Code (inc. data)   RO Data    RW Data    ZI Data      Debug   Library Name

       640         22          0          0          0        536   c_p.l
      2754         76         64          0          0       1000   fz_ps.l

    ----------------------------------------------------------------------
      3404         98         67          0          0       1536   Library Totals

    ----------------------------------------------------------------------

==============================================================================


      Code (inc. data)   RO Data    RW Data    ZI Data      Debug   

     15440       1294      43648        256       1996     196373   Grand Totals
     15440       1294      43648        256       1996     196373   ELF Image Totals
     15440       1294      43648        256          0          0   ROM Totals

==============================================================================

    Total RO  Size (Code + RO Data)                59088 (  57.70kB)
    Total RW  Size (RW Data + ZI Data)              2252 (   2.20kB)
    Total ROM Size (Code + RO Data + RW Data)      59344 (  57.95kB)

==============================================================================

