<html>
<body>
<pre>
<h1>µVision Build Log</h1>
<h2>Tool Versions:</h2>
IDE-Version: µVision V5.31.0.0
Copyright (C) 2020 ARM Ltd and ARM Germany GmbH. All rights reserved.
License Information: Rémi Debord, /, LIC=9F82M-XLCF0-A4J9K-C133Y-EABNQ-K8D07
 
Tool Versions:
Toolchain:       MDK-ARM Cortex-M0/M0+ for ST  Version: 5.31.0.0
Toolchain Path:  C:\Keil_v5\ARM\ARMCC\Bin
C Compiler:      Armcc.exe V5.06 update 6 (build 750)
Assembler:       Armasm.exe V5.06 update 6 (build 750)
Linker/Locator:  ArmLink.exe V5.06 update 6 (build 750)
Library Manager: ArmAr.exe V5.06 update 6 (build 750)
Hex Converter:   FromElf.exe V5.06 update 6 (build 750)
CPU DLL:         SARMCM3.DLL V5.31.0.0
Dialog DLL:      DARMCM1.DLL V1.19.3.0
Target DLL:      STLink\ST-LINKIII-KEIL_SWO.dll V3.0.7.0
Dialog DLL:      TARMCM1.DLL V1.14.2.0
 
<h2>Project:</h2>
C:\Users\Red\Desktop\Clock\GPS_Clock\template.uvprojx
Project File Date:  10/12/2020

<h2>Output:</h2>
*** Using Compiler 'V5.06 update 6 (build 750)', folder: 'C:\Keil_v5\ARM\ARMCC\Bin'
Rebuild target 'Template'
Note: source file '.\src\Menu.cpp' - object file renamed from '.\obj\Menu.o' to '.\obj\menu_1.o'.
assembling startup_stm32f051x8.s...
compiling sys.cpp...
compiling system_stm32f0xx.c...
compiling cmsis_nvic.c...
compiling Common.c...
compiling CircularBuffer.cpp...
compiling Delay.c...
compiling GPIO.cpp...
compiling Digital.cpp...
compiling Analog.cpp...
compiling Timer.cpp...
compiling Serial.cpp...
compiling I2C.cpp...
compiling SPI.cpp...
compiling Memory.cpp...
compiling Power.cpp...
compiling Watchdog.cpp...
compiling main.c...
compiling RTC.cpp...
compiling Init.c...
compiling Loop.c...
compiling Config.cpp...
compiling Callbacks.c...
compiling Altitude.cpp...
compiling Clock.cpp...
compiling Fix.cpp...
compiling Satellites.cpp...
compiling Temperature.cpp...
compiling Brightness.cpp...
compiling Button.cpp...
compiling DS3231.cpp...
compiling Encoder.cpp...
compiling GPS.cpp...
compiling Menu.cpp...
compiling SevenSeg.cpp...
compiling Timezone.cpp...
linking...
Program Size: Code=15440 RO-data=43648 RW-data=256 ZI-data=1996  
".\obj\template.axf" - 0 Error(s), 0 Warning(s).

<h2>Software Packages used:</h2>

Package Vendor: Keil
                http://www.keil.com/pack/Keil.STM32F0xx_DFP.2.1.0.pack
                Keil.STM32F0xx_DFP.2.1.0
                STMicroelectronics STM32F0 Series Device Support, Drivers and Examples

<h2>Collection of Component include folders:</h2>
  C:\Keil_v5\ARM\PACK\Keil\STM32F0xx_DFP\2.1.0\Drivers\CMSIS\Device\ST\STM32F0xx\Include

<h2>Collection of Component Files used:</h2>
Build Time Elapsed:  00:00:03
</pre>
</body>
</html>
